Archive member included because of file (symbol)

c:/altera/13.0sp1/nios2eds/bin/gnu/h-i686-mingw32/bin/../lib/gcc/nios2-elf/4.1.2\libgcc.a(_sf_to_si.o)
                              obj/default/drivers/drivers.o (__fixsfsi)
c:/altera/13.0sp1/nios2eds/bin/gnu/h-i686-mingw32/bin/../lib/gcc/nios2-elf/4.1.2\libgcc.a(lib2-divmod.o)
                              obj/default/drivers/drivers.o (__divsi3)
c:/altera/13.0sp1/nios2eds/bin/gnu/h-i686-mingw32/bin/../lib/gcc/nios2-elf/4.1.2\libgcc.a(_unpack_sf.o)
                              c:/altera/13.0sp1/nios2eds/bin/gnu/h-i686-mingw32/bin/../lib/gcc/nios2-elf/4.1.2\libgcc.a(_sf_to_si.o) (__unpack_f)
c:/altera/13.0sp1/nios2eds/bin/gnu/h-i686-mingw32/bin/../lib/gcc/nios2-elf/4.1.2/../../../../nios2-elf/lib\libc.a(lib_a-malloc.o)
                              obj/default/graphic_lib/draw_gimps.o (free)
c:/altera/13.0sp1/nios2eds/bin/gnu/h-i686-mingw32/bin/../lib/gcc/nios2-elf/4.1.2/../../../../nios2-elf/lib\libc.a(lib_a-mallocr.o)
                              c:/altera/13.0sp1/nios2eds/bin/gnu/h-i686-mingw32/bin/../lib/gcc/nios2-elf/4.1.2/../../../../nios2-elf/lib\libc.a(lib_a-malloc.o) (_malloc_r)
c:/altera/13.0sp1/nios2eds/bin/gnu/h-i686-mingw32/bin/../lib/gcc/nios2-elf/4.1.2/../../../../nios2-elf/lib\libc.a(lib_a-memcpy.o)
                              obj/default/graphic_lib/draw_gimps.o (memcpy)
c:/altera/13.0sp1/nios2eds/bin/gnu/h-i686-mingw32/bin/../lib/gcc/nios2-elf/4.1.2/../../../../nios2-elf/lib\libc.a(lib_a-memset.o)
                              obj/default/vip_fr.o (memset)
c:/altera/13.0sp1/nios2eds/bin/gnu/h-i686-mingw32/bin/../lib/gcc/nios2-elf/4.1.2/../../../../nios2-elf/lib\libc.a(lib_a-printf.o)
                              obj/default/graphic_lib/draw_gimps.o (printf)
c:/altera/13.0sp1/nios2eds/bin/gnu/h-i686-mingw32/bin/../lib/gcc/nios2-elf/4.1.2/../../../../nios2-elf/lib\libc.a(lib_a-sbrkr.o)
                              c:/altera/13.0sp1/nios2eds/bin/gnu/h-i686-mingw32/bin/../lib/gcc/nios2-elf/4.1.2/../../../../nios2-elf/lib\libc.a(lib_a-mallocr.o) (_sbrk_r)
c:/altera/13.0sp1/nios2eds/bin/gnu/h-i686-mingw32/bin/../lib/gcc/nios2-elf/4.1.2/../../../../nios2-elf/lib\libc.a(lib_a-strcpy.o)
                              obj/default/graphic_lib/simple_graphics.o (strcpy)
c:/altera/13.0sp1/nios2eds/bin/gnu/h-i686-mingw32/bin/../lib/gcc/nios2-elf/4.1.2/../../../../nios2-elf/lib\libc.a(lib_a-strlen.o)
                              obj/default/graphic_lib/simple_graphics.o (strlen)
c:/altera/13.0sp1/nios2eds/bin/gnu/h-i686-mingw32/bin/../lib/gcc/nios2-elf/4.1.2/../../../../nios2-elf/lib\libc.a(lib_a-vfprintf.o)
                              c:/altera/13.0sp1/nios2eds/bin/gnu/h-i686-mingw32/bin/../lib/gcc/nios2-elf/4.1.2/../../../../nios2-elf/lib\libc.a(lib_a-printf.o) (___vfprintf_internal_r)
c:/altera/13.0sp1/nios2eds/bin/gnu/h-i686-mingw32/bin/../lib/gcc/nios2-elf/4.1.2/../../../../nios2-elf/lib\libc.a(lib_a-wsetup.o)
                              c:/altera/13.0sp1/nios2eds/bin/gnu/h-i686-mingw32/bin/../lib/gcc/nios2-elf/4.1.2/../../../../nios2-elf/lib\libc.a(lib_a-vfprintf.o) (__swsetup_r)
c:/altera/13.0sp1/nios2eds/bin/gnu/h-i686-mingw32/bin/../lib/gcc/nios2-elf/4.1.2/../../../../nios2-elf/lib\libc.a(lib_a-dtoa.o)
                              c:/altera/13.0sp1/nios2eds/bin/gnu/h-i686-mingw32/bin/../lib/gcc/nios2-elf/4.1.2/../../../../nios2-elf/lib\libc.a(lib_a-vfprintf.o) (_dtoa_r)
c:/altera/13.0sp1/nios2eds/bin/gnu/h-i686-mingw32/bin/../lib/gcc/nios2-elf/4.1.2/../../../../nios2-elf/lib\libc.a(lib_a-fflush.o)
                              c:/altera/13.0sp1/nios2eds/bin/gnu/h-i686-mingw32/bin/../lib/gcc/nios2-elf/4.1.2/../../../../nios2-elf/lib\libc.a(lib_a-vfprintf.o) (_fflush_r)
c:/altera/13.0sp1/nios2eds/bin/gnu/h-i686-mingw32/bin/../lib/gcc/nios2-elf/4.1.2/../../../../nios2-elf/lib\libc.a(lib_a-findfp.o)
                              c:/altera/13.0sp1/nios2eds/bin/gnu/h-i686-mingw32/bin/../lib/gcc/nios2-elf/4.1.2/../../../../nios2-elf/lib\libc.a(lib_a-vfprintf.o) (__sinit)
c:/altera/13.0sp1/nios2eds/bin/gnu/h-i686-mingw32/bin/../lib/gcc/nios2-elf/4.1.2/../../../../nios2-elf/lib\libc.a(lib_a-freer.o)
                              c:/altera/13.0sp1/nios2eds/bin/gnu/h-i686-mingw32/bin/../lib/gcc/nios2-elf/4.1.2/../../../../nios2-elf/lib\libc.a(lib_a-malloc.o) (_free_r)
c:/altera/13.0sp1/nios2eds/bin/gnu/h-i686-mingw32/bin/../lib/gcc/nios2-elf/4.1.2/../../../../nios2-elf/lib\libc.a(lib_a-fvwrite.o)
                              c:/altera/13.0sp1/nios2eds/bin/gnu/h-i686-mingw32/bin/../lib/gcc/nios2-elf/4.1.2/../../../../nios2-elf/lib\libc.a(lib_a-vfprintf.o) (__sfvwrite_r)
c:/altera/13.0sp1/nios2eds/bin/gnu/h-i686-mingw32/bin/../lib/gcc/nios2-elf/4.1.2/../../../../nios2-elf/lib\libc.a(lib_a-fwalk.o)
                              c:/altera/13.0sp1/nios2eds/bin/gnu/h-i686-mingw32/bin/../lib/gcc/nios2-elf/4.1.2/../../../../nios2-elf/lib\libc.a(lib_a-fflush.o) (_fwalk_reent)
[...]
Memory Configuration

Name             Origin             Length             Attributes
reset            0x00800000         0x00000020
sdram_BEFORE_EXCEPTION 0x00800020         0x0057e400
sdram            0x00d7e420         0x00281be0
*default*        0x00000000         0xffffffff

Linker script and memory map

LOAD ../lab5_bsp//obj/HAL/src/crt0.o
LOAD obj/default/drivers/drivers.o
LOAD obj/default/fonts/tahomabold_20.o
LOAD obj/default/fonts/tahomabold_32.o
LOAD obj/default/frame.o
LOAD obj/default/graphic_lib/draw_gimps.o
LOAD obj/default/graphic_lib/gimp_bmp.o
LOAD obj/default/graphic_lib/simple_graphics.o
LOAD obj/default/graphic_lib/simple_text.o
LOAD obj/default/hello_ucosii.o
LOAD obj/default/imagenes/back_down.o
LOAD obj/default/imagenes/back_up.o
LOAD obj/default/imagenes/ford_down.o
LOAD obj/default/imagenes/ford_up.o
LOAD obj/default/imagenes/pause_down.o
LOAD obj/default/imagenes/pause_up.o
LOAD obj/default/imagenes/play_down.o
LOAD obj/default/imagenes/play_up.o
LOAD obj/default/imagenes/stop_down.o
LOAD obj/default/imagenes/stop_up.o
LOAD obj/default/song/song.o
LOAD obj/default/student_code/student_code.o
LOAD obj/default/vip_fr.o
LOAD c:/altera/13.0sp1/nios2eds/bin/gnu/h-i686-mingw32/bin/../lib/gcc/nios2-elf/4.1.2/../../../../nios2-elf/lib\libstdc++.a
LOAD c:/altera/13.0sp1/nios2eds/bin/gnu/h-i686-mingw32/bin/../lib/gcc/nios2-elf/4.1.2/../../../../nios2-elf/lib\libm.a
LOAD c:/altera/13.0sp1/nios2eds/bin/gnu/h-i686-mingw32/bin/../lib/gcc/nios2-elf/4.1.2\libgcc.a
START GROUP
LOAD c:/altera/13.0sp1/nios2eds/bin/gnu/h-i686-mingw32/bin/../lib/gcc/nios2-elf/4.1.2/../../../../nios2-elf/lib\libc.a
LOAD c:/altera/13.0sp1/nios2eds/bin/gnu/h-i686-mingw32/bin/../lib/gcc/nios2-elf/4.1.2\libgcc.a
LOAD ../lab5_bsp/\libucosii_bsp.a
LOAD c:/altera/13.0sp1/nios2eds/bin/gnu/h-i686-mingw32/bin/../lib/gcc/nios2-elf/4.1.2/../../../../nios2-elf/lib\libm.a
END GROUP
LOAD c:/altera/13.0sp1/nios2eds/bin/gnu/h-i686-mingw32/bin/../lib/gcc/nios2-elf/4.1.2\libgcc.a
                0x00800000                __alt_mem_sdram = 0x800000

.entry          0x00800000       0x20
 *(.entry)
 .entry         0x00800000       0x20 ../lab5_bsp//obj/HAL/src/crt0.o
                0x00800000                __reset

.exceptions     0x00d7e420      0x150
                0x00d7e420                PROVIDE (__ram_exceptions_start, ABSOLUTE (.))
                0x00d7e420                . = ALIGN (0x20)
 *(.irq)
 *(.exceptions.entry.label)
 .exceptions.entry.label
                0x00d7e420        0x0 ../lab5_bsp/\libucosii_bsp.a(alt_irq_entry.o)
                0x00d7e420                alt_irq_entry
 .exceptions.entry.label
                0x00d7e420        0x0 ../lab5_bsp/\libucosii_bsp.a(alt_exception_entry.o)
                0x00d7e420                alt_exception
 *(.exceptions.entry.user)
 *(.exceptions.entry)
 .exceptions.entry
                0x00d7e420       0x54 ../lab5_bsp/\libucosii_bsp.a(alt_exception_entry.o)
 *(.exceptions.irqtest.user)
 *(.exceptions.irqtest)
 .exceptions.irqtest
                0x00d7e474       0x10 ../lab5_bsp/\libucosii_bsp.a(alt_irq_entry.o)
 *(.exceptions.irqhandler.user)
 *(.exceptions.irqhandler)
 .exceptions.irqhandler
                0x00d7e484        0x4 ../lab5_bsp/\libucosii_bsp.a(alt_irq_entry.o)
 *(.exceptions.irqreturn.user)
 *(.exceptions.irqreturn)
 .exceptions.irqreturn
                0x00d7e488        0x4 ../lab5_bsp/\libucosii_bsp.a(alt_irq_entry.o)
 *(.exceptions.notirq.label)
 .exceptions.notirq.label
                0x00d7e48c        0x0 ../lab5_bsp/\libucosii_bsp.a(alt_irq_entry.o)
 *(.exceptions.notirq.user)
 *(.exceptions.notirq)
 .exceptions.notirq
                0x00d7e48c        0x8 ../lab5_bsp/\libucosii_bsp.a(alt_exception_entry.o)
 *(.exceptions.soft.user)
 *(.exceptions.soft)
 *(.exceptions.unknown.user)
 *(.exceptions.unknown)
 .exceptions.unknown
                0x00d7e494        0x4 ../lab5_bsp/\libucosii_bsp.a(alt_exception_entry.o)
 *(.exceptions.exit.label)
 .exceptions.exit.label
                0x00d7e498        0x0 ../lab5_bsp/\libucosii_bsp.a(alt_irq_entry.o)
 .exceptions.exit.label
                0x00d7e498        0x0 ../lab5_bsp/\libucosii_bsp.a(alt_exception_entry.o)
 *(.exceptions.exit.user)
 *(.exceptions.exit)
 .exceptions.exit
                0x00d7e498       0x54 ../lab5_bsp/\libucosii_bsp.a(alt_exception_entry.o)
 *(.exceptions)
 .exceptions    0x00d7e4ec       0x84 ../lab5_bsp/\libucosii_bsp.a(alt_irq_handler.o)
                0x00d7e4ec                alt_irq_handler
                0x00d7e570                PROVIDE (__ram_exceptions_end, ABSOLUTE (.))
                0x00d7e420                PROVIDE (__flash_exceptions_start, LOADADDR (.exceptions))

.text           0x00d7e570    0x16bc4
                0x00d7e570                PROVIDE (stext, ABSOLUTE (.))
 *(.interp)
 *(.hash)
 *(.dynsym)
 *(.dynstr)
 *(.gnu.version)
 *(.gnu.version_d)
 *(.gnu.version_r)
 *(.rel.init)
 *(.rela.init)
 *(.rel.text .rel.text.* .rel.gnu.linkonce.t.*)
 *(.rela.text .rela.text.* .rela.gnu.linkonce.t.*)
 *(.rel.fini)
 *(.rela.fini)
 *(.rel.rodata .rel.rodata.* .rel.gnu.linkonce.r.*)
 *(.rela.rodata .rela.rodata.* .rela.gnu.linkonce.r.*)
 *(.rel.data .rel.data.* .rel.gnu.linkonce.d.*)
 *(.rela.data .rela.data.* .rela.gnu.linkonce.d.*)
 *(.rel.tdata .rel.tdata.* .rel.gnu.linkonce.td.*)
 *(.rela.tdata .rela.tdata.* .rela.gnu.linkonce.td.*)
 *(.rel.tbss .rel.tbss.* .rel.gnu.linkonce.tb.*)
 *(.rela.tbss .rela.tbss.* .rela.gnu.linkonce.tb.*)
 *(.rel.ctors)
 *(.rela.ctors)
 *(.rel.dtors)
 *(.rela.dtors)
 *(.rel.got)
 *(.rela.got)
 *(.rel.sdata .rel.sdata.* .rel.gnu.linkonce.s.*)
 *(.rela.sdata .rela.sdata.* .rela.gnu.linkonce.s.*)
 *(.rel.sbss .rel.sbss.* .rel.gnu.linkonce.sb.*)
 *(.rela.sbss .rela.sbss.* .rela.gnu.linkonce.sb.*)
 *(.rel.sdata2 .rel.sdata2.* .rel.gnu.linkonce.s2.*)
 *(.rela.sdata2 .rela.sdata2.* .rela.gnu.linkonce.s2.*)
 *(.rel.sbss2 .rel.sbss2.* .rel.gnu.linkonce.sb2.*)
 *(.rela.sbss2 .rela.sbss2.* .rela.gnu.linkonce.sb2.*)
 *(.rel.bss .rel.bss.* .rel.gnu.linkonce.b.*)
 *(.rela.bss .rela.bss.* .rela.gnu.linkonce.b.*)
 *(.rel.plt)
 *(.rela.plt)
 *(.rel.dyn)
 *(.init)
 *(.plt)
 *(.text .stub .text.* .gnu.linkonce.t.*)
 .text          0x00d7e570       0x3c ../lab5_bsp//obj/HAL/src/crt0.o
                0x00d7e570                _start
 .text          0x00d7e5ac     0x17f4 obj/default/drivers/drivers.o
                0x00d7e5ac                Sleep
                0x00d7e5f8                read_keyboard
                0x00d7e608                mouse_pos
                0x00d7e6b8                audio_dac_fifo_full
                0x00d7e6cc                audio_selector
                0x00d7e6e0                select_signal
                0x00d7e6f4                select_modulation
                0x00d7e708                set_note
                0x00d7e740                Beep
                0x00d7e77c                tetris
                0x00d7ed9c                mario
                0x00d7f63c                gloria
                0x00d7fb14                starwars
                0x00d7fc74                set_audio_frequency_audio_controller
                0x00d7fcac                init_audio_hw
                0x00d7fce8                pause_wav
                0x00d7fd00                play_wav
                0x00d7fd1c                stop_wav
                0x00d7fd40                audio_dac_wr_fifo
 .text          0x00d7fda0        0x0 obj/default/fonts/tahomabold_20.o
 .text          0x00d7fda0        0x0 obj/default/fonts/tahomabold_32.o
 .text          0x00d7fda0      0x144 obj/default/frame.o
                0x00d7fda0                cleanscreen
                0x00d7fde8                GetFrameBuffer
                0x00d7fe04                ConfigVFR
 .text          0x00d7fee4      0x53c obj/default/graphic_lib/draw_gimps.o
                0x00d7fee4                AsVidCopyImageToBuffer2
                0x00d7ffd0                AsVidCopyImageToBuffer3
                0x00d800cc                DispIMAGE_from_gimp
                0x00d80190                DispIMAGE_fit
                0x00d8027c                AsVidCopyImageToBuffer
                0x00d80368                DispIMAGE
 .text          0x00d80420      0x630 obj/default/graphic_lib/gimp_bmp.o
                0x00d80420                copy_pix_map_32_to_32
                0x00d804b4                copy_pix_map_32_to_24
                0x00d80564                copy_pix_map_32_to_16
                0x00d80654                copy_pix_map_24_to_32
                0x00d80714                copy_pix_map_24_to_24
                0x00d807b0                copy_pix_map_24_to_16
                0x00d808a0                load_gimp_bmp
 .text          0x00d80a50     0x21ac obj/default/graphic_lib/simple_graphics.o
                0x00d80a50                vid_merge_colors
                0x00d80a6c                vid_color_convert24_16
                0x00d80a9c                vid_color_convert16_24
                0x00d80ac4                max3
                0x00d80adc                min3
                0x00d80af4                max_diff3
                0x00d80b24                vid_put_pixel_in_span_map
                0x00d80b68                CropImage16
                0x00d80c8c                CopyImage16
                0x00d80d40                vid_scroll_string_quit
                0x00d80d70                vid_copy_line_to_frame_buffer
                0x00d80f5c                vid_draw_horiz_line
                0x00d811b8                vid_paint_block
                0x00d81374                vid_clean_screen
                0x00d813a4                vid_get_pixel
                0x00d81408                vid_set_pixel
                0x00d814f4                vid_draw_sloped_line
                0x00d81658                vid_draw_line
                0x00d816c8                vid_print_char
                0x00d817a0                vid_print_string
                0x00d81880                vid_move_block
                0x00d819bc                vid_scroll_string_init
                0x00d81ab0                vid_bres_scan_edges
                0x00d81c04                vid_scroll_string
                0x00d81e7c                vid_draw_box
                0x00d81ff8                vid_draw_triangle
                0x00d82340                vid_round_corner_points
                0x00d827d8                vid_draw_circle
                0x00d828f0                vid_draw_round_corner_box
 .text          0x00d82bfc      0xc10 obj/default/graphic_lib/simple_text.o
                0x00d82bfc                seperate_color_channels
                0x00d82c94                merge_color_channels
                0x00d82d14                vid_string_pixel_length_alpha
                0x00d82d9c                read_from_frame
                0x00d82ef8                alpha_blending
                0x00d831d0                vid_print_char_alpha
                0x00d83668                vid_print_string_alpha
 .text          0x00d8380c     0x1390 obj/default/hello_ucosii.o
                0x00d8380c                send_audio_fifo
                0x00d83888                task1
                0x00d83914                draw_button
                0x00d83a90                task2
                0x00d846f0                init_background
                0x00d84abc                main
 .text          0x00d84b9c        0x0 obj/default/imagenes/back_down.o
 .text          0x00d84b9c        0x0 obj/default/imagenes/back_up.o
 .text          0x00d84b9c        0x0 obj/default/imagenes/ford_down.o
 .text          0x00d84b9c        0x0 obj/default/imagenes/ford_up.o
 .text          0x00d84b9c        0x0 obj/default/imagenes/pause_down.o
 .text          0x00d84b9c        0x0 obj/default/imagenes/pause_up.o
 .text          0x00d84b9c        0x0 obj/default/imagenes/play_down.o
 .text          0x00d84b9c        0x0 obj/default/imagenes/play_up.o
 .text          0x00d84b9c        0x0 obj/default/imagenes/stop_down.o
 .text          0x00d84b9c        0x0 obj/default/imagenes/stop_up.o
 .text          0x00d84b9c        0x0 obj/default/song/song.o
 .text          0x00d84b9c       0x9c obj/default/student_code/student_code.o
                0x00d84b9c                init_lfsr_interrupt
                0x00d84be4                handle_lfsr_interrupts
 .text          0x00d84c38      0x2b8 obj/default/vip_fr.o
                0x00d84c38                VIPFR_GetDrawFrame
                0x00d84c50                VIPFR_ReserveBackground
                0x00d84c9c                FrameReader_Go
                0x00d84ca8                FrameReader_SelectFrame
                0x00d84cb4                FrameReader_SetFrame1
                0x00d84cdc                FrameReader_SetFrame0
                0x00d84d04                VIPFR_SetFrameSize
                0x00d84d8c                VIPFR_Go
                0x00d84d9c                DRAW_EraseScreen
                0x00d84dec                VIPFR_ActiveDrawFrame
                0x00d84e20                VIPFR_UnInit
                0x00d84e3c                VIPFR_Init
 .text          0x00d84ef0       0x94 c:/altera/13.0sp1/nios2eds/bin/gnu/h-i686-mingw32/bin/../lib/gcc/nios2-elf/4.1.2\libgcc.a(_sf_to_si.o)
                0x00d84ef0                __fixsfsi
 .text          0x00d84f84      0x14c c:/altera/13.0sp1/nios2eds/bin/gnu/h-i686-mingw32/bin/../lib/gcc/nios2-elf/4.1.2\libgcc.a(lib2-divmod.o)
                0x00d85000                __divsi3
                0x00d85060                __modsi3
                0x00d850c0                __udivsi3
                0x00d850c8                __umodsi3
 .text          0x00d850d0       0xc8 c:/altera/13.0sp1/nios2eds/bin/gnu/h-i686-mingw32/bin/../lib/gcc/nios2-elf/4.1.2\libgcc.a(_unpack_sf.o)
                0x00d850d0                __unpack_f
 .text          0x00d85198       0x28 c:/altera/13.0sp1/nios2eds/bin/gnu/h-i686-mingw32/bin/../lib/gcc/nios2-elf/4.1.2/../../../../nios2-elf/lib\libc.a(lib_a-malloc.o)
                0x00d85198                free
                0x00d851ac                malloc
 .text          0x00d851c0      0x740 c:/altera/13.0sp1/nios2eds/bin/gnu/h-i686-mingw32/bin/../lib/gcc/nios2-elf/4.1.2/../../../../nios2-elf/lib\libc.a(lib_a-mallocr.o)
                0x00d851c0                _malloc_r
 .text          0x00d85900       0xa0 c:/altera/13.0sp1/nios2eds/bin/gnu/h-i686-mingw32/bin/../lib/gcc/nios2-elf/4.1.2/../../../../nios2-elf/lib\libc.a(lib_a-memcpy.o)
                0x00d85900                memcpy
 .text          0x00d859a0       0x98 c:/altera/13.0sp1/nios2eds/bin/gnu/h-i686-mingw32/bin/../lib/gcc/nios2-elf/4.1.2/../../../../nios2-elf/lib\libc.a(lib_a-memset.o)
                0x00d859a0                memset
 .text          0x00d85a38       0x78 c:/altera/13.0sp1/nios2eds/bin/gnu/h-i686-mingw32/bin/../lib/gcc/nios2-elf/4.1.2/../../../../nios2-elf/lib\libc.a(lib_a-printf.o)
                0x00d85a38                printf
                0x00d85a7c                _printf_r
 .text          0x00d85ab0       0x70 c:/altera/13.0sp1/nios2eds/bin/gnu/h-i686-mingw32/bin/../lib/gcc/nios2-elf/4.1.2/../../../../nios2-elf/lib\libc.a(lib_a-sbrkr.o)
                0x00d85ab0                _sbrk_r
 .text          0x00d85b20       0x8c c:/altera/13.0sp1/nios2eds/bin/gnu/h-i686-mingw32/bin/../lib/gcc/nios2-elf/4.1.2/../../../../nios2-elf/lib\libc.a(lib_a-strcpy.o)
                0x00d85b20                strcpy
 .text          0x00d85bac       0x74 c:/altera/13.0sp1/nios2eds/bin/gnu/h-i686-mingw32/bin/../lib/gcc/nios2-elf/4.1.2/../../../../nios2-elf/lib\libc.a(lib_a-strlen.o)
                0x00d85bac                strlen
 .text          0x00d85c20     0x1f28 c:/altera/13.0sp1/nios2eds/bin/gnu/h-i686-mingw32/bin/../lib/gcc/nios2-elf/4.1.2/../../../../nios2-elf/lib\libc.a(lib_a-vfprintf.o)
                0x00d85c78                ___vfprintf_internal_r
                0x00d87b24                __vfprintf_internal
 .text          0x00d87b48      0x13c c:/altera/13.0sp1/nios2eds/bin/gnu/h-i686-mingw32/bin/../lib/gcc/nios2-elf/4.1.2/../../../../nios2-elf/lib\libc.a(lib_a-wsetup.o)
                0x00d87b48                __swsetup_r
 .text          0x00d87c84     0x17cc c:/altera/13.0sp1/nios2eds/bin/gnu/h-i686-mingw32/bin/../lib/gcc/nios2-elf/4.1.2/../../../../nios2-elf/lib\libc.a(lib_a-dtoa.o)
                0x00d87e9c                _dtoa_r
 .text          0x00d89450      0x230 c:/altera/13.0sp1/nios2eds/bin/gnu/h-i686-mingw32/bin/../lib/gcc/nios2-elf/4.1.2/../../../../nios2-elf/lib\libc.a(lib_a-fflush.o)
                0x00d89450                _fflush_r
                0x00d8964c                fflush
 .text          0x00d89680      0x2c0 c:/altera/13.0sp1/nios2eds/bin/gnu/h-i686-mingw32/bin/../lib/gcc/nios2-elf/4.1.2/../../../../nios2-elf/lib\libc.a(lib_a-findfp.o)
                0x00d896d8                __sfp_lock_acquire
                0x00d896dc                __sfp_lock_release
                0x00d896e0                __sinit_lock_acquire
                0x00d896e4                __sinit_lock_release
                0x00d896e8                __sinit
                0x00d8979c                __fp_unlock_all
                0x00d897b4                __fp_lock_all
                0x00d897cc                _cleanup_r
                0x00d897d8                _cleanup
                0x00d897e8                __sfmoreglue
                0x00d89850                __sfp
 .text          0x00d89940      0x440 c:/altera/13.0sp1/nios2eds/bin/gnu/h-i686-mingw32/bin/../lib/gcc/nios2-elf/4.1.2/../../../../nios2-elf/lib\libc.a(lib_a-freer.o)
                0x00d89940                _malloc_trim_r
                0x00d89a6c                _free_r
 .text          0x00d89d80      0x49c c:/altera/13.0sp1/nios2eds/bin/gnu/h-i686-mingw32/bin/../lib/gcc/nios2-elf/4.1.2/../../../../nios2-elf/lib\libc.a(lib_a-fvwrite.o)
                0x00d89d80                __sfvwrite_r
 .text          0x00d8a21c      0x180 c:/altera/13.0sp1/nios2eds/bin/gnu/h-i686-mingw32/bin/../lib/gcc/nios2-elf/4.1.2/../../../../nios2-elf/lib\libc.a(lib_a-fwalk.o)
                0x00d8a21c                _fwalk_reent
                0x00d8a2e4                _fwalk
 .text          0x00d8a39c        0x0 c:/altera/13.0sp1/nios2eds/bin/gnu/h-i686-mingw32/bin/../lib/gcc/nios2-elf/4.1.2/../../../../nios2-elf/lib\libc.a(lib_a-impure.o)
 .text          0x00d8a39c        0x0 c:/altera/13.0sp1/nios2eds/bin/gnu/h-i686-mingw32/bin/../lib/gcc/nios2-elf/4.1.2/../../../../nios2-elf/lib\libc.a(lib_a-int_errno.o)
 .text          0x00d8a39c       0xc4 c:/altera/13.0sp1/nios2eds/bin/gnu/h-i686-mingw32/bin/../lib/gcc/nios2-elf/4.1.2/../../../../nios2-elf/lib\libc.a(lib_a-locale.o)
                0x00d8a39c                __locale_charset
                0x00d8a3a4                _localeconv_r
                0x00d8a3b0                localeconv
                0x00d8a3c0                _setlocale_r
                0x00d8a444                setlocale
 .text          0x00d8a460      0x194 c:/altera/13.0sp1/nios2eds/bin/gnu/h-i686-mingw32/bin/../lib/gcc/nios2-elf/4.1.2/../../../../nios2-elf/lib\libc.a(lib_a-makebuf.o)
                0x00d8a460                __smakebuf_r
 .text          0x00d8a5f4       0xe4 c:/altera/13.0sp1/nios2eds/bin/gnu/h-i686-mingw32/bin/../lib/gcc/nios2-elf/4.1.2/../../../../nios2-elf/lib\libc.a(lib_a-memchr.o)
                0x00d8a5f4                memchr
 .text          0x00d8a6d8       0xe0 c:/altera/13.0sp1/nios2eds/bin/gnu/h-i686-mingw32/bin/../lib/gcc/nios2-elf/4.1.2/../../../../nios2-elf/lib\libc.a(lib_a-memmove.o)
                0x00d8a6d8                memmove
 .text          0x00d8a7b8      0xff4 c:/altera/13.0sp1/nios2eds/bin/gnu/h-i686-mingw32/bin/../lib/gcc/nios2-elf/4.1.2/../../../../nios2-elf/lib\libc.a(lib_a-mprec.o)
                0x00d8a7b8                _Bfree
                0x00d8a7e0                __hi0bits
                0x00d8a850                __lo0bits
                0x00d8a914                __mcmp
                0x00d8a974                __ulp
                0x00d8a9f4                __b2d
                0x00d8ab14                __ratio
                0x00d8abc4                _mprec_log10
                0x00d8ac58                __copybits
                0x00d8acb0                __any_on
                0x00d8ad38                _Balloc
                0x00d8adf4                __d2b
                0x00d8af70                __mdiff
                0x00d8b0fc                __lshift
                0x00d8b248                __multiply
                0x00d8b430                __i2b
                0x00d8b46c                __multadd
                0x00d8b56c                __pow5mult
                0x00d8b68c                __s2b
 .text          0x00d8b7ac      0x5f4 c:/altera/13.0sp1/nios2eds/bin/gnu/h-i686-mingw32/bin/../lib/gcc/nios2-elf/4.1.2/../../../../nios2-elf/lib\libc.a(lib_a-reallocr.o)
                0x00d8b7ac                _realloc_r
 .text          0x00d8bda0       0x40 c:/altera/13.0sp1/nios2eds/bin/gnu/h-i686-mingw32/bin/../lib/gcc/nios2-elf/4.1.2/../../../../nios2-elf/lib\libc.a(lib_a-s_isinfd.o)
                0x00d8bda0                __isinfd
 .text          0x00d8bde0       0x30 c:/altera/13.0sp1/nios2eds/bin/gnu/h-i686-mingw32/bin/../lib/gcc/nios2-elf/4.1.2/../../../../nios2-elf/lib\libc.a(lib_a-s_isnand.o)
                0x00d8bde0                __isnand
 .text          0x00d8be10      0x14c c:/altera/13.0sp1/nios2eds/bin/gnu/h-i686-mingw32/bin/../lib/gcc/nios2-elf/4.1.2/../../../../nios2-elf/lib\libc.a(lib_a-stdio.o)
                0x00d8be10                __sclose
                0x00d8be18                __sseek
                0x00d8be80                __swrite
                0x00d8befc                __sread
 .text          0x00d8bf5c       0xbc c:/altera/13.0sp1/nios2eds/bin/gnu/h-i686-mingw32/bin/../lib/gcc/nios2-elf/4.1.2/../../../../nios2-elf/lib\libc.a(lib_a-strcmp.o)
                0x00d8bf5c                strcmp
 .text          0x00d8c018       0x78 c:/altera/13.0sp1/nios2eds/bin/gnu/h-i686-mingw32/bin/../lib/gcc/nios2-elf/4.1.2/../../../../nios2-elf/lib\libc.a(lib_a-writer.o)
                0x00d8c018                _write_r
 .text          0x00d8c090       0xb4 c:/altera/13.0sp1/nios2eds/bin/gnu/h-i686-mingw32/bin/../lib/gcc/nios2-elf/4.1.2/../../../../nios2-elf/lib\libc.a(lib_a-callocr.o)
                0x00d8c090                _calloc_r
 .text          0x00d8c144       0x70 c:/altera/13.0sp1/nios2eds/bin/gnu/h-i686-mingw32/bin/../lib/gcc/nios2-elf/4.1.2/../../../../nios2-elf/lib\libc.a(lib_a-closer.o)
                0x00d8c144                _close_r
 .text          0x00d8c1b4      0x124 c:/altera/13.0sp1/nios2eds/bin/gnu/h-i686-mingw32/bin/../lib/gcc/nios2-elf/4.1.2/../../../../nios2-elf/lib\libc.a(lib_a-fclose.o)
                0x00d8c1b4                _fclose_r
                0x00d8c2c4                fclose
 .text          0x00d8c2d8       0x74 c:/altera/13.0sp1/nios2eds/bin/gnu/h-i686-mingw32/bin/../lib/gcc/nios2-elf/4.1.2/../../../../nios2-elf/lib\libc.a(lib_a-fstatr.o)
                0x00d8c2d8                _fstat_r
 .text          0x00d8c34c       0x70 c:/altera/13.0sp1/nios2eds/bin/gnu/h-i686-mingw32/bin/../lib/gcc/nios2-elf/4.1.2/../../../../nios2-elf/lib\libc.a(lib_a-isattyr.o)
                0x00d8c34c                _isatty_r
 .text          0x00d8c3bc       0x78 c:/altera/13.0sp1/nios2eds/bin/gnu/h-i686-mingw32/bin/../lib/gcc/nios2-elf/4.1.2/../../../../nios2-elf/lib\libc.a(lib_a-lseekr.o)
                0x00d8c3bc                _lseek_r
 .text          0x00d8c434       0x78 c:/altera/13.0sp1/nios2eds/bin/gnu/h-i686-mingw32/bin/../lib/gcc/nios2-elf/4.1.2/../../../../nios2-elf/lib\libc.a(lib_a-readr.o)
                0x00d8c434                _read_r
 .text          0x00d8c4ac      0x5dc c:/altera/13.0sp1/nios2eds/bin/gnu/h-i686-mingw32/bin/../lib/gcc/nios2-elf/4.1.2\libgcc.a(_udivdi3.o)
                0x00d8c4ac                __udivdi3
 .text          0x00d8ca88      0x5b0 c:/altera/13.0sp1/nios2eds/bin/gnu/h-i686-mingw32/bin/../lib/gcc/nios2-elf/4.1.2\libgcc.a(_umoddi3.o)
                0x00d8ca88                __umoddi3
 .text          0x00d8d038      0x504 c:/altera/13.0sp1/nios2eds/bin/gnu/h-i686-mingw32/bin/../lib/gcc/nios2-elf/4.1.2\libgcc.a(_addsub_df.o)
                0x00d8d448                __subdf3
                0x00d8d4c8                __adddf3
 .text          0x00d8d53c      0x3c4 c:/altera/13.0sp1/nios2eds/bin/gnu/h-i686-mingw32/bin/../lib/gcc/nios2-elf/4.1.2\libgcc.a(_mul_df.o)
                0x00d8d53c                __muldf3
 .text          0x00d8d900      0x258 c:/altera/13.0sp1/nios2eds/bin/gnu/h-i686-mingw32/bin/../lib/gcc/nios2-elf/4.1.2\libgcc.a(_div_df.o)
                0x00d8d900                __divdf3
 .text          0x00d8db58       0x88 c:/altera/13.0sp1/nios2eds/bin/gnu/h-i686-mingw32/bin/../lib/gcc/nios2-elf/4.1.2\libgcc.a(_eq_df.o)
                0x00d8db58                __eqdf2
 .text          0x00d8dbe0       0x88 c:/altera/13.0sp1/nios2eds/bin/gnu/h-i686-mingw32/bin/../lib/gcc/nios2-elf/4.1.2\libgcc.a(_ne_df.o)
                0x00d8dbe0                __nedf2
 .text          0x00d8dc68       0x88 c:/altera/13.0sp1/nios2eds/bin/gnu/h-i686-mingw32/bin/../lib/gcc/nios2-elf/4.1.2\libgcc.a(_gt_df.o)
                0x00d8dc68                __gtdf2
 .text          0x00d8dcf0       0x88 c:/altera/13.0sp1/nios2eds/bin/gnu/h-i686-mingw32/bin/../lib/gcc/nios2-elf/4.1.2\libgcc.a(_ge_df.o)
                0x00d8dcf0                __gedf2
 .text          0x00d8dd78       0x88 c:/altera/13.0sp1/nios2eds/bin/gnu/h-i686-mingw32/bin/../lib/gcc/nios2-elf/4.1.2\libgcc.a(_lt_df.o)
                0x00d8dd78                __ltdf2
 .text          0x00d8de00       0xf8 c:/altera/13.0sp1/nios2eds/bin/gnu/h-i686-mingw32/bin/../lib/gcc/nios2-elf/4.1.2\libgcc.a(_si_to_df.o)
                0x00d8de00                __floatsidf
 .text          0x00d8def8       0xd8 c:/altera/13.0sp1/nios2eds/bin/gnu/h-i686-mingw32/bin/../lib/gcc/nios2-elf/4.1.2\libgcc.a(_df_to_si.o)
                0x00d8def8                __fixdfsi
 .text          0x00d8dfd0        0x0 c:/altera/13.0sp1/nios2eds/bin/gnu/h-i686-mingw32/bin/../lib/gcc/nios2-elf/4.1.2\libgcc.a(_thenan_df.o)
 .text          0x00d8dfd0      0x194 c:/altera/13.0sp1/nios2eds/bin/gnu/h-i686-mingw32/bin/../lib/gcc/nios2-elf/4.1.2\libgcc.a(_usi_to_df.o)
                0x00d8dfd0                __floatunsidf
 .text          0x00d8e164       0x98 c:/altera/13.0sp1/nios2eds/bin/gnu/h-i686-mingw32/bin/../lib/gcc/nios2-elf/4.1.2\libgcc.a(_muldi3.o)
                0x00d8e164                __muldi3
 .text          0x00d8e1fc        0x0 c:/altera/13.0sp1/nios2eds/bin/gnu/h-i686-mingw32/bin/../lib/gcc/nios2-elf/4.1.2\libgcc.a(_clz.o)
 .text          0x00d8e1fc       0x80 c:/altera/13.0sp1/nios2eds/bin/gnu/h-i686-mingw32/bin/../lib/gcc/nios2-elf/4.1.2\libgcc.a(_clzsi2.o)
                0x00d8e1fc                __clzsi2
 .text          0x00d8e27c      0x314 c:/altera/13.0sp1/nios2eds/bin/gnu/h-i686-mingw32/bin/../lib/gcc/nios2-elf/4.1.2\libgcc.a(_pack_df.o)
                0x00d8e27c                __pack_d
 .text          0x00d8e590      0x138 c:/altera/13.0sp1/nios2eds/bin/gnu/h-i686-mingw32/bin/../lib/gcc/nios2-elf/4.1.2\libgcc.a(_unpack_df.o)
                0x00d8e590                __unpack_d
 .text          0x00d8e6c8       0xc8 c:/altera/13.0sp1/nios2eds/bin/gnu/h-i686-mingw32/bin/../lib/gcc/nios2-elf/4.1.2\libgcc.a(_fpcmp_parts_df.o)
                0x00d8e6c8                __fpcmp_parts_d
 .text          0x00d8e790       0xdc ../lab5_bsp/\libucosii_bsp.a(alt_close.o)
                0x00d8e790                close
 .text          0x00d8e86c        0x4 ../lab5_bsp/\libucosii_bsp.a(alt_dcache_flush_all.o)
                0x00d8e86c                alt_dcache_flush_all
 .text          0x00d8e870        0x8 ../lab5_bsp/\libucosii_bsp.a(alt_dev.o)
 .text          0x00d8e878        0x0 ../lab5_bsp/\libucosii_bsp.a(alt_errno.o)
 .text          0x00d8e878       0x80 ../lab5_bsp/\libucosii_bsp.a(alt_fstat.o)
                0x00d8e878                fstat
 .text          0x00d8e8f8       0xb8 ../lab5_bsp/\libucosii_bsp.a(alt_iic.o)
                0x00d8e8f8                alt_ic_irq_enabled
                0x00d8e910                alt_ic_irq_enable
                0x00d8e950                alt_ic_irq_disable
                0x00d8e990                alt_ic_isr_register
 .text          0x00d8e9b0       0x68 ../lab5_bsp/\libucosii_bsp.a(alt_iic_isr_register.o)
                0x00d8e9b0                alt_iic_isr_register
 .text          0x00d8ea18        0x0 ../lab5_bsp/\libucosii_bsp.a(alt_irq_entry.o)
 .text          0x00d8ea18        0x0 ../lab5_bsp/\libucosii_bsp.a(alt_irq_handler.o)
 .text          0x00d8ea18        0x0 ../lab5_bsp/\libucosii_bsp.a(alt_irq_vars.o)
 .text          0x00d8ea18       0x84 ../lab5_bsp/\libucosii_bsp.a(alt_isatty.o)
                0x00d8ea18                isatty
 .text          0x00d8ea9c       0xc4 ../lab5_bsp/\libucosii_bsp.a(alt_load.o)
                0x00d8ea9c                alt_load
 .text          0x00d8eb60       0x98 ../lab5_bsp/\libucosii_bsp.a(alt_lseek.o)
                0x00d8eb60                lseek
 .text          0x00d8ebf8       0xa8 ../lab5_bsp/\libucosii_bsp.a(alt_main.o)
                0x00d8ebf8                alt_main
 .text          0x00d8eca0       0xf8 ../lab5_bsp/\libucosii_bsp.a(alt_read.o)
                0x00d8eca0                read
 .text          0x00d8ed98       0x24 ../lab5_bsp/\libucosii_bsp.a(alt_release_fd.o)
                0x00d8ed98                alt_release_fd
 .text          0x00d8edbc       0x50 ../lab5_bsp/\libucosii_bsp.a(alt_sbrk.o)
                0x00d8edbc                sbrk
 .text          0x00d8ee0c       0xe4 ../lab5_bsp/\libucosii_bsp.a(alt_tick.o)
                0x00d8ee0c                alt_alarm_stop
                0x00d8ee40                alt_tick
 .text          0x00d8eef0       0xf4 ../lab5_bsp/\libucosii_bsp.a(alt_write.o)
                0x00d8eef0                write
 .text          0x00d8efe4       0xb8 ../lab5_bsp/\libucosii_bsp.a(alt_env_lock.o)
                0x00d8efe4                __env_unlock
                0x00d8f01c                __env_lock
 .text          0x00d8f09c      0x124 ../lab5_bsp/\libucosii_bsp.a(alt_malloc_lock.o)
                0x00d8f09c                __malloc_unlock
                0x00d8f10c                __malloc_lock
 .text          0x00d8f1c0     0x1224 ../lab5_bsp/\libucosii_bsp.a(os_core.o)
                0x00d8f1c0                OSVersion
                0x00d8f1c8                OS_Dummy
                0x00d8f1cc                OS_EventTaskWait
                0x00d8f254                OS_EventTaskWaitMulti
                0x00d8f304                OS_EventTaskRemove
                0x00d8f350                OS_EventTaskRemoveMulti
                0x00d8f3b8                OS_EventTaskRdy
                0x00d8f4a8                OS_EventWaitListInit
                0x00d8f4c4                OS_MemClr
                0x00d8f4ec                OS_MemCopy
                0x00d8f558                OS_StrCopy
                0x00d8f598                OS_StrLen
                0x00d8f5c0                OS_TaskStatStkChk
                0x00d8f644                OS_Sched
                0x00d8f6d0                OSStart
                0x00d8f720                OSInit
                0x00d8f91c                OSEventNameGet
                0x00d8f9e0                OSEventNameSet
                0x00d8fac0                OSEventPendMulti
                0x00d8fe88                OSIntEnter
                0x00d8fec4                OSIntExit
                0x00d8ff70                OSSchedLock
                0x00d8ffb4                OSSchedUnlock
                0x00d90028                OSStatInit
                0x00d9008c                OSTimeTick
                0x00d901a4                OS_TaskIdle
                0x00d901d8                OS_TaskStat
                0x00d90260                OS_TCBInit
 .text          0x00d903e4        0x4 ../lab5_bsp/\libucosii_bsp.a(os_dbg.o)
                0x00d903e4                OSDebugInit
 .text          0x00d903e8      0xe48 ../lab5_bsp/\libucosii_bsp.a(os_flag.o)
                0x00d904b4                OS_FlagUnlink
                0x00d90580                OS_FlagInit
                0x00d90600                OSFlagQuery
                0x00d90660                OSFlagAccept
                0x00d90814                OSFlagCreate
                0x00d908a4                OSFlagDel
                0x00d90a4c                OSFlagNameGet
                0x00d90b14                OSFlagNameSet
                0x00d90bf8                OSFlagPend
                0x00d90fcc                OSFlagPendGetFlagsRdy
                0x00d90ff8                OSFlagPost
 .text          0x00d91230      0x41c ../lab5_bsp/\libucosii_bsp.a(os_mem.o)
                0x00d91230                OS_MemInit
                0x00d912a8                OSMemQuery
                0x00d91310                OSMemCreate
                0x00d91408                OSMemGet
                0x00d91478                OSMemNameGet
                0x00d91520                OSMemNameSet
                0x00d915e8                OSMemPut
 .text          0x00d9164c      0xaa8 ../lab5_bsp/\libucosii_bsp.a(os_q.o)
                0x00d9164c                OS_QInit
                0x00d916ac                OSQQuery
                0x00d9175c                OSQAccept
                0x00d91800                OSQCreate
                0x00d9190c                OSQDel
                0x00d91afc                OSQFlush
                0x00d91b50                OSQPend
                0x00d91d24                OSQPendAbort
                0x00d91e20                OSQPost
                0x00d91ee0                OSQPostFront
                0x00d91fa4                OSQPostOpt
 .text          0x00d920f4      0x6a0 ../lab5_bsp/\libucosii_bsp.a(os_sem.o)
                0x00d920f4                OSSemSet
                0x00d92164                OSSemAccept
                0x00d921ac                OSSemCreate
                0x00d9223c                OSSemDel
                0x00d923e4                OSSemPend
                0x00d92560                OSSemPendAbort
                0x00d92668                OSSemPost
                0x00d92708                OSSemQuery
 .text          0x00d92794      0xf98 ../lab5_bsp/\libucosii_bsp.a(os_task.o)
                0x00d92794                OS_TaskStkClr
                0x00d927cc                OSTaskQuery
                0x00d92894                OSTaskChangePrio
                0x00d92b68                OSTaskCreate
                0x00d92c88                OSTaskCreateExt
                0x00d92e0c                OSTaskDel
                0x00d93084                OSTaskDelReq
                0x00d93144                OSTaskNameGet
                0x00d93264                OSTaskNameSet
                0x00d9339c                OSTaskResume
                0x00d934c0                OSTaskStkChk
                0x00d935d4                OSTaskSuspend
 .text          0x00d9372c      0x3b0 ../lab5_bsp/\libucosii_bsp.a(os_time.o)
                0x00d9372c                OSTimeSet
                0x00d93750                OSTimeDly
                0x00d937f8                OSTimeDlyHMSM
                0x00d939a8                OSTimeDlyResume
                0x00d93ab8                OSTimeGet
 .text          0x00d93adc       0x7c ../lab5_bsp/\libucosii_bsp.a(alt_sys_init.o)
                0x00d93adc                alt_sys_init
                0x00d93b38                alt_irq_init
 .text          0x00d93b58       0x98 ../lab5_bsp/\libucosii_bsp.a(altera_avalon_jtag_uart_fd.o)
                0x00d93b58                altera_avalon_jtag_uart_ioctl_fd
                0x00d93b78                altera_avalon_jtag_uart_close_fd
                0x00d93ba0                altera_avalon_jtag_uart_write_fd
                0x00d93bc8                altera_avalon_jtag_uart_read_fd
 .text          0x00d93bf0      0x324 ../lab5_bsp/\libucosii_bsp.a(altera_avalon_jtag_uart_init.o)
                0x00d93bf0                altera_avalon_jtag_uart_close
                0x00d93cb8                altera_avalon_jtag_uart_init
 .text          0x00d93f14       0x74 ../lab5_bsp/\libucosii_bsp.a(altera_avalon_jtag_uart_ioctl.o)
                0x00d93f14                altera_avalon_jtag_uart_ioctl
 .text          0x00d93f88      0x1c4 ../lab5_bsp/\libucosii_bsp.a(altera_avalon_jtag_uart_read.o)
                0x00d93f88                altera_avalon_jtag_uart_read
 .text          0x00d9414c      0x1d0 ../lab5_bsp/\libucosii_bsp.a(altera_avalon_jtag_uart_write.o)
                0x00d9414c                altera_avalon_jtag_uart_write
 .text          0x00d9431c       0x8c ../lab5_bsp/\libucosii_bsp.a(altera_avalon_timer_sc.o)
                0x00d9431c                alt_avalon_timer_sc_init
 .text          0x00d943a8       0x94 ../lab5_bsp/\libucosii_bsp.a(alt_alarm_start.o)
                0x00d943a8                alt_alarm_start
 .text          0x00d9443c       0x70 ../lab5_bsp/\libucosii_bsp.a(alt_dev_llist_insert.o)
                0x00d9443c                alt_dev_llist_insert
 .text          0x00d944ac       0x50 ../lab5_bsp/\libucosii_bsp.a(alt_do_ctors.o)
                0x00d944ac                _do_ctors
 .text          0x00d944fc       0x50 ../lab5_bsp/\libucosii_bsp.a(alt_do_dtors.o)
                0x00d944fc                _do_dtors
 .text          0x00d9454c        0x0 ../lab5_bsp/\libucosii_bsp.a(alt_exception_entry.o)
 .text          0x00d9454c       0x20 ../lab5_bsp/\libucosii_bsp.a(alt_icache_flush_all.o)
                0x00d9454c                alt_icache_flush_all
 .text          0x00d9456c       0xfc ../lab5_bsp/\libucosii_bsp.a(alt_io_redirect.o)
                0x00d945d0                alt_io_redirect
 .text          0x00d94668      0x17c ../lab5_bsp/\libucosii_bsp.a(alt_open.o)
                0x00d94668                open
 .text          0x00d947e4        0x8 ../lab5_bsp/\libucosii_bsp.a(altera_nios2_qsys_irq.o)
                0x00d947e4                altera_nios2_qsys_irq_init
 .text          0x00d947ec       0xd0 ../lab5_bsp/\libucosii_bsp.a(os_cpu_a.o)
                0x00d947ec                OSCtxSw
                0x00d947ec                OSIntCtxSw
                0x00d94878                OSStartHighRdy
                0x00d94898                OSStartTsk
 .text          0x00d948bc      0x1ec ../lab5_bsp/\libucosii_bsp.a(os_cpu_c.o)
                0x00d948bc                OSTaskCreateHook
                0x00d948c0                OSTaskDelHook
                0x00d948c4                OSTaskSwHook
                0x00d948c8                OSTaskStatHook
                0x00d948cc                OSTimeTickHook
                0x00d948d0                OSInitHookBegin
                0x00d948d4                OSInitHookEnd
                0x00d948d8                OSTaskIdleHook
                0x00d948dc                OSTCBInitHook
                0x00d948e0                OSTaskStkInit
 .text          0x00d94aa8       0x70 ../lab5_bsp/\libucosii_bsp.a(alt_find_dev.o)
                0x00d94aa8                alt_find_dev
 .text          0x00d94b18       0xbc ../lab5_bsp/\libucosii_bsp.a(alt_find_file.o)
                0x00d94b18                alt_find_file
 .text          0x00d94bd4       0xb4 ../lab5_bsp/\libucosii_bsp.a(alt_get_fd.o)
                0x00d94bd4                alt_get_fd
 .text          0x00d94c88       0x3c ../lab5_bsp/\libucosii_bsp.a(alt_icache_flush.o)
                0x00d94c88                alt_icache_flush
 .text          0x00d94cc4       0x14 c:/altera/13.0sp1/nios2eds/bin/gnu/h-i686-mingw32/bin/../lib/gcc/nios2-elf/4.1.2/../../../../nios2-elf/lib\libc.a(lib_a-atexit.o)
                0x00d94cc4                atexit
 .text          0x00d94cd8       0x38 c:/altera/13.0sp1/nios2eds/bin/gnu/h-i686-mingw32/bin/../lib/gcc/nios2-elf/4.1.2/../../../../nios2-elf/lib\libc.a(lib_a-exit.o)
                0x00d94cd8                exit
 .text          0x00d94d10       0x74 c:/altera/13.0sp1/nios2eds/bin/gnu/h-i686-mingw32/bin/../lib/gcc/nios2-elf/4.1.2/../../../../nios2-elf/lib\libc.a(lib_a-memcmp.o)
                0x00d94d10                memcmp
 .text          0x00d94d84      0x134 c:/altera/13.0sp1/nios2eds/bin/gnu/h-i686-mingw32/bin/../lib/gcc/nios2-elf/4.1.2/../../../../nios2-elf/lib\libc.a(lib_a-__atexit.o)
                0x00d94d84                __register_exitproc
 .text          0x00d94eb8      0x1b4 c:/altera/13.0sp1/nios2eds/bin/gnu/h-i686-mingw32/bin/../lib/gcc/nios2-elf/4.1.2/../../../../nios2-elf/lib\libc.a(lib_a-__call_atexit.o)
                0x00d94ebc                __call_exitprocs
 .text          0x00d9506c       0xa4 c:/altera/13.0sp1/nios2eds/bin/gnu/h-i686-mingw32/bin/../lib/gcc/nios2-elf/4.1.2\libgcc.a(_fixunsdfsi.o)
                0x00d9506c                __fixunsdfsi
 .text          0x00d95110       0x20 ../lab5_bsp/\libucosii_bsp.a(alt_exit.o)
                0x00d95110                _exit
 *(.gnu.warning.*)
 *(.fini)
                0x00d95130                PROVIDE (__etext, ABSOLUTE (.))
                0x00d95130                PROVIDE (_etext, ABSOLUTE (.))
                0x00d95130                PROVIDE (etext, ABSOLUTE (.))
 *(.eh_frame_hdr)
                0x00d95130                . = ALIGN (0x4)
                0x00d95130                PROVIDE (__preinit_array_start, ABSOLUTE (.))
 *(.preinit_array)
                0x00d95130                PROVIDE (__preinit_array_end, ABSOLUTE (.))
                0x00d95130                PROVIDE (__init_array_start, ABSOLUTE (.))
 *(.init_array)
                0x00d95130                PROVIDE (__init_array_end, ABSOLUTE (.))
                0x00d95130                PROVIDE (__fini_array_start, ABSOLUTE (.))
 *(.fini_array)
                0x00d95130                PROVIDE (__fini_array_end, ABSOLUTE (.))
 *(.eh_frame)
 *(.gcc_except_table)
 *(.dynamic)
                0x00d95130                PROVIDE (__CTOR_LIST__, ABSOLUTE (.))
 *(.ctors)
 *(SORT(.ctors.*))
 .ctors.65535   0x00d95130        0x4 c:/altera/13.0sp1/nios2eds/bin/gnu/h-i686-mingw32/bin/../lib/gcc/nios2-elf/4.1.2/../../../../nios2-elf/lib\libc.a(lib_a-__call_atexit.o)
                0x00d95134                PROVIDE (__CTOR_END__, ABSOLUTE (.))
                0x00d95134                PROVIDE (__DTOR_LIST__, ABSOLUTE (.))
 *(.dtors)
 *(SORT(.dtors.*))
                0x00d95134                PROVIDE (__DTOR_END__, ABSOLUTE (.))
 *(.jcr)
                0x00d95134                . = ALIGN (0x4)

.rodata         0x00d95134   0x1973fc
                0x00d95134                PROVIDE (__ram_rodata_start, ABSOLUTE (.))
                0x00d95134                . = ALIGN (0x4)
 *(.rodata .rodata.* .gnu.linkonce.r.*)
 .rodata        0x00d95134     0x77f2 obj/default/fonts/tahomabold_20.o
 .rodata        0x00d9c926    0x12520 obj/default/fonts/tahomabold_32.o
 *fill*         0x00daee46        0x2 00
 .rodata.str1.4
                0x00daee48       0x10 obj/default/graphic_lib/draw_gimps.o
 .rodata.str1.4
                0x00daee58       0x2f obj/default/hello_ucosii.o
                                 0x30 (size before relaxing)
 *fill*         0x00daee87        0x1 00
 .rodata        0x00daee88     0x28cc obj/default/imagenes/back_down.o
                0x00daee88                back_down
 .rodata        0x00db1754     0x28cc obj/default/imagenes/back_up.o
                0x00db1754                back_up
 .rodata        0x00db4020     0x28cc obj/default/imagenes/ford_down.o
                0x00db4020                ford_down
 .rodata        0x00db68ec     0x28cc obj/default/imagenes/ford_up.o
                0x00db68ec                ford_up
 .rodata        0x00db91b8     0x8dd0 obj/default/imagenes/pause_down.o
                0x00db91b8                pause_down
 .rodata        0x00dc1f88     0x8dd0 obj/default/imagenes/pause_up.o
                0x00dc1f88                pause_up
 .rodata        0x00dcad58     0x7820 obj/default/imagenes/play_down.o
                0x00dcad58                play_down
 .rodata        0x00dd2578     0x7820 obj/default/imagenes/play_up.o
                0x00dd2578                play_up
 .rodata        0x00dd9d98     0x7f88 obj/default/imagenes/stop_down.o
                0x00dd9d98                stop_down
 .rodata        0x00de1d20     0x7f88 obj/default/imagenes/stop_up.o
                0x00de1d20                stop_up
 .rodata        0x00de9ca8   0x142440 obj/default/song/song.o
                0x00de9ca8                song
 .rodata.str1.4
                0x00f2c0e8       0x5e c:/altera/13.0sp1/nios2eds/bin/gnu/h-i686-mingw32/bin/../lib/gcc/nios2-elf/4.1.2/../../../../nios2-elf/lib\libc.a(lib_a-vfprintf.o)
                                 0x60 (size before relaxing)
 .rodata        0x00f2c146       0x20 c:/altera/13.0sp1/nios2eds/bin/gnu/h-i686-mingw32/bin/../lib/gcc/nios2-elf/4.1.2/../../../../nios2-elf/lib\libc.a(lib_a-vfprintf.o)
 *fill*         0x00f2c166        0x2 00
 .rodata.str1.4
                0x00f2c168       0x10 c:/altera/13.0sp1/nios2eds/bin/gnu/h-i686-mingw32/bin/../lib/gcc/nios2-elf/4.1.2/../../../../nios2-elf/lib\libc.a(lib_a-dtoa.o)
                                 0x14 (size before relaxing)
 .rodata.str1.4
                0x00f2c178        0x2 c:/altera/13.0sp1/nios2eds/bin/gnu/h-i686-mingw32/bin/../lib/gcc/nios2-elf/4.1.2/../../../../nios2-elf/lib\libc.a(lib_a-impure.o)
                                  0x4 (size before relaxing)
 *fill*         0x00f2c17a        0x2 00
 .rodata.str1.4
                0x00f2c17c        0xf c:/altera/13.0sp1/nios2eds/bin/gnu/h-i686-mingw32/bin/../lib/gcc/nios2-elf/4.1.2/../../../../nios2-elf/lib\libc.a(lib_a-locale.o)
                                 0x18 (size before relaxing)
 *fill*         0x00f2c18b        0x1 00
 .rodata        0x00f2c18c       0x30 c:/altera/13.0sp1/nios2eds/bin/gnu/h-i686-mingw32/bin/../lib/gcc/nios2-elf/4.1.2/../../../../nios2-elf/lib\libc.a(lib_a-locale.o)
 .rodata        0x00f2c1bc      0x124 c:/altera/13.0sp1/nios2eds/bin/gnu/h-i686-mingw32/bin/../lib/gcc/nios2-elf/4.1.2/../../../../nios2-elf/lib\libc.a(lib_a-mprec.o)
                0x00f2c1bc                __mprec_tens
                0x00f2c284                __mprec_bigtens
                0x00f2c2ac                __mprec_tinytens
 .rodata        0x00f2c2e0       0x14 c:/altera/13.0sp1/nios2eds/bin/gnu/h-i686-mingw32/bin/../lib/gcc/nios2-elf/4.1.2\libgcc.a(_thenan_df.o)
                0x00f2c2e0                __thenan_df
 .rodata        0x00f2c2f4      0x100 c:/altera/13.0sp1/nios2eds/bin/gnu/h-i686-mingw32/bin/../lib/gcc/nios2-elf/4.1.2\libgcc.a(_clz.o)
                0x00f2c2f4                __clz_tab
 .rodata.str1.4
                0x00f2c3f4        0xa ../lab5_bsp/\libucosii_bsp.a(alt_dev.o)
                                  0xc (size before relaxing)
 *fill*         0x00f2c3fe        0x2 00
 .rodata.str1.4
                0x00f2c400        0xf ../lab5_bsp/\libucosii_bsp.a(alt_main.o)
                                 0x10 (size before relaxing)
 *fill*         0x00f2c40f        0x1 00
 .rodata.str1.4
                0x00f2c410       0x20 ../lab5_bsp/\libucosii_bsp.a(os_core.o)
 .rodata        0x00f2c430      0x100 ../lab5_bsp/\libucosii_bsp.a(os_core.o)
                0x00f2c430                OSUnMapTbl
 .rodata.str1.4
                0x00000000       0x10 ../lab5_bsp/\libucosii_bsp.a(alt_sys_init.o)
 .rodata.str1.4
                0x00000000        0x4 ../lab5_bsp/\libucosii_bsp.a(os_cpu_c.o)
 *(.rodata1)
                0x00f2c530                . = ALIGN (0x4)
                0x00f2c530                PROVIDE (__ram_rodata_end, ABSOLUTE (.))
                0x00d95134                PROVIDE (__flash_rodata_start, LOADADDR (.rodata))

.rwdata         0x00f2c530     0x3688 load address 0x00f2fbb8
                0x00f2c530                PROVIDE (__ram_rwdata_start, ABSOLUTE (.))
                0x00f2c530                . = ALIGN (0x4)
 *(.got.plt)
 *(.got)
 *(.data1)
 *(.data .data.* .gnu.linkonce.d.*)
 .data          0x00f2c530        0x0 ../lab5_bsp//obj/HAL/src/crt0.o
 .data          0x00f2c530        0x0 obj/default/drivers/drivers.o
 .data          0x00f2c530      0xbc0 obj/default/fonts/tahomabold_20.o
                0x00f2c530                tahomabold_20
 .data          0x00f2d0f0      0xbc0 obj/default/fonts/tahomabold_32.o
                0x00f2d0f0                tahomabold_32
 .data          0x00f2dcb0        0x0 obj/default/frame.o
 .data          0x00f2dcb0        0x0 obj/default/graphic_lib/draw_gimps.o
 .data          0x00f2dcb0        0x0 obj/default/graphic_lib/gimp_bmp.o
 .data          0x00f2dcb0      0x415 obj/default/graphic_lib/simple_graphics.o
                0x00f2dcb0                cour10_font_array
 .data          0x00f2e0c5        0x0 obj/default/graphic_lib/simple_text.o
 .data          0x00f2e0c5        0x0 obj/default/hello_ucosii.o
 .data          0x00f2e0c5        0x0 obj/default/imagenes/back_down.o
 .data          0x00f2e0c5        0x0 obj/default/imagenes/back_up.o
 .data          0x00f2e0c5        0x0 obj/default/imagenes/ford_down.o
 .data          0x00f2e0c5        0x0 obj/default/imagenes/ford_up.o
 .data          0x00f2e0c5        0x0 obj/default/imagenes/pause_down.o
 .data          0x00f2e0c5        0x0 obj/default/imagenes/pause_up.o
 .data          0x00f2e0c5        0x0 obj/default/imagenes/play_down.o
 .data          0x00f2e0c5        0x0 obj/default/imagenes/play_up.o
 .data          0x00f2e0c5        0x0 obj/default/imagenes/stop_down.o
 .data          0x00f2e0c5        0x0 obj/default/imagenes/stop_up.o
 .data          0x00f2e0c5        0x0 obj/default/song/song.o
 .data          0x00f2e0c5        0x0 obj/default/student_code/student_code.o
 .data          0x00f2e0c5        0x0 obj/default/vip_fr.o
 .data          0x00f2e0c5        0x0 c:/altera/13.0sp1/nios2eds/bin/gnu/h-i686-mingw32/bin/../lib/gcc/nios2-elf/4.1.2\libgcc.a(_sf_to_si.o)
 .data          0x00f2e0c5        0x0 c:/altera/13.0sp1/nios2eds/bin/gnu/h-i686-mingw32/bin/../lib/gcc/nios2-elf/4.1.2\libgcc.a(lib2-divmod.o)
 .data          0x00f2e0c5        0x0 c:/altera/13.0sp1/nios2eds/bin/gnu/h-i686-mingw32/bin/../lib/gcc/nios2-elf/4.1.2\libgcc.a(_unpack_sf.o)
 .data          0x00f2e0c5        0x0 c:/altera/13.0sp1/nios2eds/bin/gnu/h-i686-mingw32/bin/../lib/gcc/nios2-elf/4.1.2/../../../../nios2-elf/lib\libc.a(lib_a-malloc.o)
 *fill*         0x00f2e0c5        0x3 00
 .data          0x00f2e0c8      0x408 c:/altera/13.0sp1/nios2eds/bin/gnu/h-i686-mingw32/bin/../lib/gcc/nios2-elf/4.1.2/../../../../nios2-elf/lib\libc.a(lib_a-mallocr.o)
                0x00f2e0c8                __malloc_av_
 .data          0x00f2e4d0        0x0 c:/altera/13.0sp1/nios2eds/bin/gnu/h-i686-mingw32/bin/../lib/gcc/nios2-elf/4.1.2/../../../../nios2-elf/lib\libc.a(lib_a-memcpy.o)
 .data          0x00f2e4d0        0x0 c:/altera/13.0sp1/nios2eds/bin/gnu/h-i686-mingw32/bin/../lib/gcc/nios2-elf/4.1.2/../../../../nios2-elf/lib\libc.a(lib_a-memset.o)
 .data          0x00f2e4d0        0x0 c:/altera/13.0sp1/nios2eds/bin/gnu/h-i686-mingw32/bin/../lib/gcc/nios2-elf/4.1.2/../../../../nios2-elf/lib\libc.a(lib_a-printf.o)
 .data          0x00f2e4d0        0x0 c:/altera/13.0sp1/nios2eds/bin/gnu/h-i686-mingw32/bin/../lib/gcc/nios2-elf/4.1.2/../../../../nios2-elf/lib\libc.a(lib_a-sbrkr.o)
 .data          0x00f2e4d0        0x0 c:/altera/13.0sp1/nios2eds/bin/gnu/h-i686-mingw32/bin/../lib/gcc/nios2-elf/4.1.2/../../../../nios2-elf/lib\libc.a(lib_a-strcpy.o)
 .data          0x00f2e4d0        0x0 c:/altera/13.0sp1/nios2eds/bin/gnu/h-i686-mingw32/bin/../lib/gcc/nios2-elf/4.1.2/../../../../nios2-elf/lib\libc.a(lib_a-strlen.o)
 .data          0x00f2e4d0        0x0 c:/altera/13.0sp1/nios2eds/bin/gnu/h-i686-mingw32/bin/../lib/gcc/nios2-elf/4.1.2/../../../../nios2-elf/lib\libc.a(lib_a-vfprintf.o)
 .data          0x00f2e4d0        0x0 c:/altera/13.0sp1/nios2eds/bin/gnu/h-i686-mingw32/bin/../lib/gcc/nios2-elf/4.1.2/../../../../nios2-elf/lib\libc.a(lib_a-wsetup.o)
 .data          0x00f2e4d0        0x0 c:/altera/13.0sp1/nios2eds/bin/gnu/h-i686-mingw32/bin/../lib/gcc/nios2-elf/4.1.2/../../../../nios2-elf/lib\libc.a(lib_a-dtoa.o)
 .data          0x00f2e4d0        0x0 c:/altera/13.0sp1/nios2eds/bin/gnu/h-i686-mingw32/bin/../lib/gcc/nios2-elf/4.1.2/../../../../nios2-elf/lib\libc.a(lib_a-fflush.o)
 .data          0x00f2e4d0        0x0 c:/altera/13.0sp1/nios2eds/bin/gnu/h-i686-mingw32/bin/../lib/gcc/nios2-elf/4.1.2/../../../../nios2-elf/lib\libc.a(lib_a-findfp.o)
 .data          0x00f2e4d0        0x0 c:/altera/13.0sp1/nios2eds/bin/gnu/h-i686-mingw32/bin/../lib/gcc/nios2-elf/4.1.2/../../../../nios2-elf/lib\libc.a(lib_a-freer.o)
 .data          0x00f2e4d0        0x0 c:/altera/13.0sp1/nios2eds/bin/gnu/h-i686-mingw32/bin/../lib/gcc/nios2-elf/4.1.2/../../../../nios2-elf/lib\libc.a(lib_a-fvwrite.o)
 .data          0x00f2e4d0        0x0 c:/altera/13.0sp1/nios2eds/bin/gnu/h-i686-mingw32/bin/../lib/gcc/nios2-elf/4.1.2/../../../../nios2-elf/lib\libc.a(lib_a-fwalk.o)
 .data          0x00f2e4d0      0x400 c:/altera/13.0sp1/nios2eds/bin/gnu/h-i686-mingw32/bin/../lib/gcc/nios2-elf/4.1.2/../../../../nios2-elf/lib\libc.a(lib_a-impure.o)
 .data          0x00f2e8d0        0x0 c:/altera/13.0sp1/nios2eds/bin/gnu/h-i686-mingw32/bin/../lib/gcc/nios2-elf/4.1.2/../../../../nios2-elf/lib\libc.a(lib_a-int_errno.o)
 .data          0x00f2e8d0        0xc c:/altera/13.0sp1/nios2eds/bin/gnu/h-i686-mingw32/bin/../lib/gcc/nios2-elf/4.1.2/../../../../nios2-elf/lib\libc.a(lib_a-locale.o)
                0x00f2e8d0                __lc_ctype
 .data          0x00f2e8dc        0x0 c:/altera/13.0sp1/nios2eds/bin/gnu/h-i686-mingw32/bin/../lib/gcc/nios2-elf/4.1.2/../../../../nios2-elf/lib\libc.a(lib_a-makebuf.o)
 .data          0x00f2e8dc        0x0 c:/altera/13.0sp1/nios2eds/bin/gnu/h-i686-mingw32/bin/../lib/gcc/nios2-elf/4.1.2/../../../../nios2-elf/lib\libc.a(lib_a-memchr.o)
 .data          0x00f2e8dc        0x0 c:/altera/13.0sp1/nios2eds/bin/gnu/h-i686-mingw32/bin/../lib/gcc/nios2-elf/4.1.2/../../../../nios2-elf/lib\libc.a(lib_a-memmove.o)
 .data          0x00f2e8dc        0x0 c:/altera/13.0sp1/nios2eds/bin/gnu/h-i686-mingw32/bin/../lib/gcc/nios2-elf/4.1.2/../../../../nios2-elf/lib\libc.a(lib_a-mprec.o)
 .data          0x00f2e8dc        0x0 c:/altera/13.0sp1/nios2eds/bin/gnu/h-i686-mingw32/bin/../lib/gcc/nios2-elf/4.1.2/../../../../nios2-elf/lib\libc.a(lib_a-reallocr.o)
 .data          0x00f2e8dc        0x0 c:/altera/13.0sp1/nios2eds/bin/gnu/h-i686-mingw32/bin/../lib/gcc/nios2-elf/4.1.2/../../../../nios2-elf/lib\libc.a(lib_a-s_isinfd.o)
 .data          0x00f2e8dc        0x0 c:/altera/13.0sp1/nios2eds/bin/gnu/h-i686-mingw32/bin/../lib/gcc/nios2-elf/4.1.2/../../../../nios2-elf/lib\libc.a(lib_a-s_isnand.o)
 .data          0x00f2e8dc        0x0 c:/altera/13.0sp1/nios2eds/bin/gnu/h-i686-mingw32/bin/../lib/gcc/nios2-elf/4.1.2/../../../../nios2-elf/lib\libc.a(lib_a-stdio.o)
 .data          0x00f2e8dc        0x0 c:/altera/13.0sp1/nios2eds/bin/gnu/h-i686-mingw32/bin/../lib/gcc/nios2-elf/4.1.2/../../../../nios2-elf/lib\libc.a(lib_a-strcmp.o)
 .data          0x00f2e8dc        0x0 c:/altera/13.0sp1/nios2eds/bin/gnu/h-i686-mingw32/bin/../lib/gcc/nios2-elf/4.1.2/../../../../nios2-elf/lib\libc.a(lib_a-writer.o)
 .data          0x00f2e8dc        0x0 c:/altera/13.0sp1/nios2eds/bin/gnu/h-i686-mingw32/bin/../lib/gcc/nios2-elf/4.1.2/../../../../nios2-elf/lib\libc.a(lib_a-callocr.o)
 .data          0x00f2e8dc        0x0 c:/altera/13.0sp1/nios2eds/bin/gnu/h-i686-mingw32/bin/../lib/gcc/nios2-elf/4.1.2/../../../../nios2-elf/lib\libc.a(lib_a-closer.o)
 .data          0x00f2e8dc        0x0 c:/altera/13.0sp1/nios2eds/bin/gnu/h-i686-mingw32/bin/../lib/gcc/nios2-elf/4.1.2/../../../../nios2-elf/lib\libc.a(lib_a-fclose.o)
 .data          0x00f2e8dc        0x0 c:/altera/13.0sp1/nios2eds/bin/gnu/h-i686-mingw32/bin/../lib/gcc/nios2-elf/4.1.2/../../../../nios2-elf/lib\libc.a(lib_a-fstatr.o)
 .data          0x00f2e8dc        0x0 c:/altera/13.0sp1/nios2eds/bin/gnu/h-i686-mingw32/bin/../lib/gcc/nios2-elf/4.1.2/../../../../nios2-elf/lib\libc.a(lib_a-isattyr.o)
 .data          0x00f2e8dc        0x0 c:/altera/13.0sp1/nios2eds/bin/gnu/h-i686-mingw32/bin/../lib/gcc/nios2-elf/4.1.2/../../../../nios2-elf/lib\libc.a(lib_a-lseekr.o)
 .data          0x00f2e8dc        0x0 c:/altera/13.0sp1/nios2eds/bin/gnu/h-i686-mingw32/bin/../lib/gcc/nios2-elf/4.1.2/../../../../nios2-elf/lib\libc.a(lib_a-readr.o)
 .data          0x00f2e8dc        0x0 c:/altera/13.0sp1/nios2eds/bin/gnu/h-i686-mingw32/bin/../lib/gcc/nios2-elf/4.1.2\libgcc.a(_udivdi3.o)
 .data          0x00f2e8dc        0x0 c:/altera/13.0sp1/nios2eds/bin/gnu/h-i686-mingw32/bin/../lib/gcc/nios2-elf/4.1.2\libgcc.a(_umoddi3.o)
 .data          0x00f2e8dc        0x0 c:/altera/13.0sp1/nios2eds/bin/gnu/h-i686-mingw32/bin/../lib/gcc/nios2-elf/4.1.2\libgcc.a(_addsub_df.o)
 .data          0x00f2e8dc        0x0 c:/altera/13.0sp1/nios2eds/bin/gnu/h-i686-mingw32/bin/../lib/gcc/nios2-elf/4.1.2\libgcc.a(_mul_df.o)
 .data          0x00f2e8dc        0x0 c:/altera/13.0sp1/nios2eds/bin/gnu/h-i686-mingw32/bin/../lib/gcc/nios2-elf/4.1.2\libgcc.a(_div_df.o)
 .data          0x00f2e8dc        0x0 c:/altera/13.0sp1/nios2eds/bin/gnu/h-i686-mingw32/bin/../lib/gcc/nios2-elf/4.1.2\libgcc.a(_eq_df.o)
 .data          0x00f2e8dc        0x0 c:/altera/13.0sp1/nios2eds/bin/gnu/h-i686-mingw32/bin/../lib/gcc/nios2-elf/4.1.2\libgcc.a(_ne_df.o)
 .data          0x00f2e8dc        0x0 c:/altera/13.0sp1/nios2eds/bin/gnu/h-i686-mingw32/bin/../lib/gcc/nios2-elf/4.1.2\libgcc.a(_gt_df.o)
 .data          0x00f2e8dc        0x0 c:/altera/13.0sp1/nios2eds/bin/gnu/h-i686-mingw32/bin/../lib/gcc/nios2-elf/4.1.2\libgcc.a(_ge_df.o)
 .data          0x00f2e8dc        0x0 c:/altera/13.0sp1/nios2eds/bin/gnu/h-i686-mingw32/bin/../lib/gcc/nios2-elf/4.1.2\libgcc.a(_lt_df.o)
 .data          0x00f2e8dc        0x0 c:/altera/13.0sp1/nios2eds/bin/gnu/h-i686-mingw32/bin/../lib/gcc/nios2-elf/4.1.2\libgcc.a(_si_to_df.o)
 .data          0x00f2e8dc        0x0 c:/altera/13.0sp1/nios2eds/bin/gnu/h-i686-mingw32/bin/../lib/gcc/nios2-elf/4.1.2\libgcc.a(_df_to_si.o)
 .data          0x00f2e8dc        0x0 c:/altera/13.0sp1/nios2eds/bin/gnu/h-i686-mingw32/bin/../lib/gcc/nios2-elf/4.1.2\libgcc.a(_thenan_df.o)
 .data          0x00f2e8dc        0x0 c:/altera/13.0sp1/nios2eds/bin/gnu/h-i686-mingw32/bin/../lib/gcc/nios2-elf/4.1.2\libgcc.a(_usi_to_df.o)
 .data          0x00f2e8dc        0x0 c:/altera/13.0sp1/nios2eds/bin/gnu/h-i686-mingw32/bin/../lib/gcc/nios2-elf/4.1.2\libgcc.a(_muldi3.o)
 .data          0x00f2e8dc        0x0 c:/altera/13.0sp1/nios2eds/bin/gnu/h-i686-mingw32/bin/../lib/gcc/nios2-elf/4.1.2\libgcc.a(_clz.o)
 .data          0x00f2e8dc        0x0 c:/altera/13.0sp1/nios2eds/bin/gnu/h-i686-mingw32/bin/../lib/gcc/nios2-elf/4.1.2\libgcc.a(_clzsi2.o)
 .data          0x00f2e8dc        0x0 c:/altera/13.0sp1/nios2eds/bin/gnu/h-i686-mingw32/bin/../lib/gcc/nios2-elf/4.1.2\libgcc.a(_pack_df.o)
 .data          0x00f2e8dc        0x0 c:/altera/13.0sp1/nios2eds/bin/gnu/h-i686-mingw32/bin/../lib/gcc/nios2-elf/4.1.2\libgcc.a(_unpack_df.o)
 .data          0x00f2e8dc        0x0 c:/altera/13.0sp1/nios2eds/bin/gnu/h-i686-mingw32/bin/../lib/gcc/nios2-elf/4.1.2\libgcc.a(_fpcmp_parts_df.o)
 .data          0x00f2e8dc        0x0 ../lab5_bsp/\libucosii_bsp.a(alt_close.o)
 .data          0x00f2e8dc        0x0 ../lab5_bsp/\libucosii_bsp.a(alt_dcache_flush_all.o)
 .data          0x00f2e8dc      0x1a8 ../lab5_bsp/\libucosii_bsp.a(alt_dev.o)
                0x00f2e8dc                alt_dev_null
                0x00f2e904                alt_fd_list
 .data          0x00f2ea84        0x0 ../lab5_bsp/\libucosii_bsp.a(alt_errno.o)
 .data          0x00f2ea84        0x0 ../lab5_bsp/\libucosii_bsp.a(alt_fstat.o)
 .data          0x00f2ea84        0x0 ../lab5_bsp/\libucosii_bsp.a(alt_iic.o)
 .data          0x00f2ea84        0x0 ../lab5_bsp/\libucosii_bsp.a(alt_iic_isr_register.o)
 .data          0x00f2ea84        0x0 ../lab5_bsp/\libucosii_bsp.a(alt_irq_entry.o)
 .data          0x00f2ea84        0x0 ../lab5_bsp/\libucosii_bsp.a(alt_irq_handler.o)
 .data          0x00f2ea84        0x0 ../lab5_bsp/\libucosii_bsp.a(alt_irq_vars.o)
 .data          0x00f2ea84        0x0 ../lab5_bsp/\libucosii_bsp.a(alt_isatty.o)
 .data          0x00f2ea84        0x0 ../lab5_bsp/\libucosii_bsp.a(alt_load.o)
 .data          0x00f2ea84        0x0 ../lab5_bsp/\libucosii_bsp.a(alt_lseek.o)
 .data          0x00f2ea84        0x0 ../lab5_bsp/\libucosii_bsp.a(alt_main.o)
 .data          0x00f2ea84        0x0 ../lab5_bsp/\libucosii_bsp.a(alt_read.o)
 .data          0x00f2ea84        0x0 ../lab5_bsp/\libucosii_bsp.a(alt_release_fd.o)
 .data          0x00f2ea84        0x0 ../lab5_bsp/\libucosii_bsp.a(alt_sbrk.o)
 .data          0x00f2ea84        0x0 ../lab5_bsp/\libucosii_bsp.a(alt_tick.o)
 .data          0x00f2ea84        0x0 ../lab5_bsp/\libucosii_bsp.a(alt_write.o)
 .data          0x00f2ea84        0x0 ../lab5_bsp/\libucosii_bsp.a(alt_env_lock.o)
 .data          0x00f2ea84        0x0 ../lab5_bsp/\libucosii_bsp.a(alt_malloc_lock.o)
 .data          0x00f2ea84        0x0 ../lab5_bsp/\libucosii_bsp.a(os_core.o)
 .data          0x00f2ea84        0x0 ../lab5_bsp/\libucosii_bsp.a(os_dbg.o)
 .data          0x00f2ea84        0x0 ../lab5_bsp/\libucosii_bsp.a(os_flag.o)
 .data          0x00f2ea84        0x0 ../lab5_bsp/\libucosii_bsp.a(os_mem.o)
 .data          0x00f2ea84        0x0 ../lab5_bsp/\libucosii_bsp.a(os_q.o)
 .data          0x00f2ea84        0x0 ../lab5_bsp/\libucosii_bsp.a(os_sem.o)
 .data          0x00f2ea84        0x0 ../lab5_bsp/\libucosii_bsp.a(os_task.o)
 .data          0x00f2ea84        0x0 ../lab5_bsp/\libucosii_bsp.a(os_time.o)
 .data          0x00f2ea84     0x106c ../lab5_bsp/\libucosii_bsp.a(alt_sys_init.o)
 .data          0x00f2faf0        0x0 ../lab5_bsp/\libucosii_bsp.a(altera_avalon_jtag_uart_fd.o)
 .data          0x00f2faf0        0x0 ../lab5_bsp/\libucosii_bsp.a(altera_avalon_jtag_uart_init.o)
 .data          0x00f2faf0        0x0 ../lab5_bsp/\libucosii_bsp.a(altera_avalon_jtag_uart_ioctl.o)
 .data          0x00f2faf0        0x0 ../lab5_bsp/\libucosii_bsp.a(altera_avalon_jtag_uart_read.o)
 .data          0x00f2faf0        0x0 ../lab5_bsp/\libucosii_bsp.a(altera_avalon_jtag_uart_write.o)
 .data          0x00f2faf0        0x0 ../lab5_bsp/\libucosii_bsp.a(altera_avalon_timer_sc.o)
 .data          0x00f2faf0        0x0 ../lab5_bsp/\libucosii_bsp.a(alt_alarm_start.o)
 .data          0x00f2faf0        0x0 ../lab5_bsp/\libucosii_bsp.a(alt_dev_llist_insert.o)
 .data          0x00f2faf0        0x0 ../lab5_bsp/\libucosii_bsp.a(alt_do_ctors.o)
 .data          0x00f2faf0        0x0 ../lab5_bsp/\libucosii_bsp.a(alt_do_dtors.o)
 .data          0x00f2faf0        0x0 ../lab5_bsp/\libucosii_bsp.a(alt_exception_entry.o)
 .data          0x00f2faf0        0x0 ../lab5_bsp/\libucosii_bsp.a(alt_icache_flush_all.o)
 .data          0x00f2faf0        0x0 ../lab5_bsp/\libucosii_bsp.a(alt_io_redirect.o)
 .data          0x00f2faf0        0x0 ../lab5_bsp/\libucosii_bsp.a(alt_open.o)
 .data          0x00f2faf0        0x0 ../lab5_bsp/\libucosii_bsp.a(altera_nios2_qsys_irq.o)
 .data          0x00f2faf0        0x0 ../lab5_bsp/\libucosii_bsp.a(os_cpu_a.o)
 .data          0x00f2faf0        0x0 ../lab5_bsp/\libucosii_bsp.a(os_cpu_c.o)
 .data          0x00f2faf0        0x0 ../lab5_bsp/\libucosii_bsp.a(alt_find_dev.o)
 .data          0x00f2faf0        0x0 ../lab5_bsp/\libucosii_bsp.a(alt_find_file.o)
 .data          0x00f2faf0        0x0 ../lab5_bsp/\libucosii_bsp.a(alt_get_fd.o)
 .data          0x00f2faf0        0x0 ../lab5_bsp/\libucosii_bsp.a(alt_icache_flush.o)
 .data          0x00f2faf0        0x0 c:/altera/13.0sp1/nios2eds/bin/gnu/h-i686-mingw32/bin/../lib/gcc/nios2-elf/4.1.2/../../../../nios2-elf/lib\libc.a(lib_a-atexit.o)
 .data          0x00f2faf0        0x0 c:/altera/13.0sp1/nios2eds/bin/gnu/h-i686-mingw32/bin/../lib/gcc/nios2-elf/4.1.2/../../../../nios2-elf/lib\libc.a(lib_a-exit.o)
 .data          0x00f2faf0        0x0 c:/altera/13.0sp1/nios2eds/bin/gnu/h-i686-mingw32/bin/../lib/gcc/nios2-elf/4.1.2/../../../../nios2-elf/lib\libc.a(lib_a-memcmp.o)
 .data          0x00f2faf0        0x0 c:/altera/13.0sp1/nios2eds/bin/gnu/h-i686-mingw32/bin/../lib/gcc/nios2-elf/4.1.2/../../../../nios2-elf/lib\libc.a(lib_a-__atexit.o)
 .data          0x00f2faf0        0x0 c:/altera/13.0sp1/nios2eds/bin/gnu/h-i686-mingw32/bin/../lib/gcc/nios2-elf/4.1.2/../../../../nios2-elf/lib\libc.a(lib_a-__call_atexit.o)
 .data          0x00f2faf0        0x0 c:/altera/13.0sp1/nios2eds/bin/gnu/h-i686-mingw32/bin/../lib/gcc/nios2-elf/4.1.2\libgcc.a(_fixunsdfsi.o)
 .data          0x00f2faf0        0x0 ../lab5_bsp/\libucosii_bsp.a(alt_exit.o)
                0x00f37af0                _gp = ABSOLUTE ((. + 0x8000))
                0x00f37af0                PROVIDE (gp, _gp)
 *(.rwdata .rwdata.*)
 *(.sdata .sdata.* .gnu.linkonce.s.*)
 .sdata         0x00f2faf0        0x4 obj/default/graphic_lib/simple_graphics.o
                0x00f2faf0                cour10_font
 .sdata         0x00f2faf4        0x4 obj/default/hello_ucosii.o
                0x00f2faf4                freq_reader
 .sdata         0x00f2faf8        0x4 obj/default/song/song.o
                0x00f2faf8                size_song
 .sdata         0x00f2fafc        0x8 c:/altera/13.0sp1/nios2eds/bin/gnu/h-i686-mingw32/bin/../lib/gcc/nios2-elf/4.1.2/../../../../nios2-elf/lib\libc.a(lib_a-mallocr.o)
                0x00f2fafc                __malloc_trim_threshold
                0x00f2fb00                __malloc_sbrk_base
 .sdata         0x00f2fb04        0x8 c:/altera/13.0sp1/nios2eds/bin/gnu/h-i686-mingw32/bin/../lib/gcc/nios2-elf/4.1.2/../../../../nios2-elf/lib\libc.a(lib_a-impure.o)
                0x00f2fb04                _impure_ptr
                0x00f2fb08                _global_impure_ptr
 .sdata         0x00f2fb0c        0x8 c:/altera/13.0sp1/nios2eds/bin/gnu/h-i686-mingw32/bin/../lib/gcc/nios2-elf/4.1.2/../../../../nios2-elf/lib\libc.a(lib_a-locale.o)
                0x00f2fb0c                __mb_cur_max
 .sdata         0x00f2fb14       0x14 ../lab5_bsp/\libucosii_bsp.a(alt_dev.o)
                0x00f2fb14                alt_fs_list
                0x00f2fb1c                alt_dev_list
                0x00f2fb24                alt_max_fd
 .sdata         0x00f2fb28        0x4 ../lab5_bsp/\libucosii_bsp.a(alt_errno.o)
                0x00f2fb28                alt_errno
 .sdata         0x00f2fb2c        0x4 ../lab5_bsp/\libucosii_bsp.a(alt_irq_vars.o)
                0x00f2fb2c                alt_priority_mask
 .sdata         0x00f2fb30        0x4 ../lab5_bsp/\libucosii_bsp.a(alt_sbrk.o)
 .sdata         0x00f2fb34        0x8 ../lab5_bsp/\libucosii_bsp.a(alt_tick.o)
                0x00f2fb34                alt_alarm_list
 .sdata         0x00f2fb3c        0x4 ../lab5_bsp/\libucosii_bsp.a(alt_env_lock.o)
 .sdata         0x00f2fb40        0x4 ../lab5_bsp/\libucosii_bsp.a(alt_malloc_lock.o)
 .sdata         0x00f2fb44       0x74 ../lab5_bsp/\libucosii_bsp.a(os_dbg.o)
                0x00f2fb44                OSDebugEn
                0x00f2fb48                OSEndiannessTest
                0x00f2fb4c                OSEventEn
                0x00f2fb4e                OSEventMax
                0x00f2fb50                OSEventNameSize
                0x00f2fb52                OSEventSize
                0x00f2fb54                OSEventTblSize
                0x00f2fb56                OSEventMultiEn
                0x00f2fb58                OSFlagEn
                0x00f2fb5a                OSFlagGrpSize
                0x00f2fb5c                OSFlagNodeSize
                0x00f2fb5e                OSFlagWidth
                0x00f2fb60                OSFlagMax
                0x00f2fb62                OSFlagNameSize
                0x00f2fb64                OSLowestPrio
                0x00f2fb66                OSMboxEn
                0x00f2fb68                OSMemEn
                0x00f2fb6a                OSMemMax
                0x00f2fb6c                OSMemNameSize
                0x00f2fb6e                OSMemSize
                0x00f2fb70                OSMemTblSize
                0x00f2fb72                OSMutexEn
                0x00f2fb74                OSPtrSize
                0x00f2fb76                OSQEn
                0x00f2fb78                OSQMax
                0x00f2fb7a                OSQSize
                0x00f2fb7c                OSRdyTblSize
                0x00f2fb7e                OSSemEn
                0x00f2fb80                OSStkWidth
                0x00f2fb82                OSTaskCreateEn
                0x00f2fb84                OSTaskCreateExtEn
                0x00f2fb86                OSTaskDelEn
                0x00f2fb88                OSTaskIdleStkSize
                0x00f2fb8a                OSTaskProfileEn
                0x00f2fb8c                OSTaskMax
                0x00f2fb8e                OSTaskNameSize
                0x00f2fb90                OSTaskStatEn
                0x00f2fb92                OSTaskStatStkSize
                0x00f2fb94                OSTaskStatStkChkEn
                0x00f2fb96                OSTaskSwHookEn
                0x00f2fb98                OSTCBPrioTblMax
                0x00f2fb9a                OSTCBSize
                0x00f2fb9c                OSTicksPerSec
                0x00f2fb9e                OSTimeTickHookEn
                0x00f2fba0                OSVersionNbr
                0x00f2fba2                OSTmrEn
                0x00f2fba4                OSTmrCfgMax
                0x00f2fba6                OSTmrCfgNameSize
                0x00f2fba8                OSTmrCfgWheelSize
                0x00f2fbaa                OSTmrCfgTicksPerSec
                0x00f2fbac                OSTmrSize
                0x00f2fbae                OSTmrTblSize
                0x00f2fbb0                OSTmrWheelSize
                0x00f2fbb2                OSTmrWheelTblSize
                0x00f2fbb4                OSDataSize
 *(.sdata2 .sdata2.* .gnu.linkonce.s2.*)
                0x00f2fbb8                . = ALIGN (0x4)
                0x00f2fbb8                _edata = ABSOLUTE (.)
                0x00f2fbb8                PROVIDE (edata, ABSOLUTE (.))
                0x00f2fbb8                PROVIDE (__ram_rwdata_end, ABSOLUTE (.))
                0x00f2fbb8                PROVIDE (__flash_rwdata_start, LOADADDR (.rwdata))

.bss            0x00f33240     0xf598
                0x00f33240                __bss_start = ABSOLUTE (.)
                0x00f33240                PROVIDE (__sbss_start, ABSOLUTE (.))
                0x00f33240                PROVIDE (___sbss_start, ABSOLUTE (.))
 *(.dynsbss)
 *(.sbss .sbss.* .gnu.linkonce.sb.*)
 .sbss          0x00f33240        0x2 obj/default/drivers/drivers.o
 .sbss          0x00f33242        0x3 obj/default/hello_ucosii.o
                0x00f33242                play_song
                0x00f33243                pause_song
                0x00f33244                stop_song
 *fill*         0x00f33245        0x3 00
 .sbss          0x00f33248        0x4 obj/default/hello_ucosii.o
                0x00f33248                SW_Frame
 .sbss          0x00f3324c        0xc c:/altera/13.0sp1/nios2eds/bin/gnu/h-i686-mingw32/bin/../lib/gcc/nios2-elf/4.1.2/../../../../nios2-elf/lib\libc.a(lib_a-mallocr.o)
                0x00f3324c                __malloc_top_pad
                0x00f33250                __malloc_max_sbrked_mem
                0x00f33254                __malloc_max_total_mem
 .sbss          0x00f33258        0x4 c:/altera/13.0sp1/nios2eds/bin/gnu/h-i686-mingw32/bin/../lib/gcc/nios2-elf/4.1.2/../../../../nios2-elf/lib\libc.a(lib_a-int_errno.o)
                0x00f33258                errno
 .sbss          0x00f3325c        0xc c:/altera/13.0sp1/nios2eds/bin/gnu/h-i686-mingw32/bin/../lib/gcc/nios2-elf/4.1.2/../../../../nios2-elf/lib\libc.a(lib_a-locale.o)
                0x00f3325c                __nlocale_changed
                0x00f33260                __mlocale_changed
                0x00f33264                _PathLocale
 .sbss          0x00f33268        0x4 ../lab5_bsp/\libucosii_bsp.a(alt_dev.o)
                0x00f33268                alt_fd_list_lock
 .sbss          0x00f3326c        0x4 ../lab5_bsp/\libucosii_bsp.a(alt_irq_vars.o)
                0x00f3326c                alt_irq_active
 .sbss          0x00f33270        0xc ../lab5_bsp/\libucosii_bsp.a(alt_main.o)
                0x00f33270                alt_argc
                0x00f33274                alt_argv
                0x00f33278                alt_envp
 .sbss          0x00f3327c        0x8 ../lab5_bsp/\libucosii_bsp.a(alt_tick.o)
                0x00f3327c                _alt_tick_rate
                0x00f33280                _alt_nticks
 .sbss          0x00f33284        0x8 ../lab5_bsp/\libucosii_bsp.a(alt_env_lock.o)
                0x00f33288                alt_envsem
 .sbss          0x00f3328c        0x8 ../lab5_bsp/\libucosii_bsp.a(alt_malloc_lock.o)
                0x00f33290                alt_heapsem
 .sbss          0x00f33294       0x50 ../lab5_bsp/\libucosii_bsp.a(os_core.o)
                0x00f33294                OSLockNesting
                0x00f33295                OSRunning
                0x00f33298                OSIdleCtr
                0x00f3329c                OSPrioHighRdy
                0x00f3329d                OSPrioCur
                0x00f332a0                OSTCBList
                0x00f332a4                OSTickStepState
                0x00f332a8                OSCtxSwCtr
                0x00f332ac                OSIdleCtrMax
                0x00f332b0                OSTCBFreeList
                0x00f332b4                OSCPUUsage
                0x00f332b5                OSTaskCtr
                0x00f332b8                OSMemFreeList
                0x00f332bc                OSTCBHighRdy
                0x00f332c0                OSQFreeList
                0x00f332c4                OSRdyGrp
                0x00f332c5                OSRdyTbl
                0x00f332c8                OSEventFreeList
                0x00f332cc                OSIntNesting
                0x00f332d0                OSTCBCur
                0x00f332d4                OSTime
                0x00f332d8                OSFlagFreeList
                0x00f332dc                OSStatRdy
                0x00f332e0                OSIdleCtrRun
 *(.sbss2 .sbss2.* .gnu.linkonce.sb2.*)
 *(.scommon)
                0x00f332e4                PROVIDE (__sbss_end, ABSOLUTE (.))
                0x00f332e4                PROVIDE (___sbss_end, ABSOLUTE (.))
 *(.dynbss)
 *(.bss .bss.* .gnu.linkonce.b.*)
 .bss           0x00f332e4        0x0 ../lab5_bsp//obj/HAL/src/crt0.o
 .bss           0x00f332e4        0x0 obj/default/drivers/drivers.o
 .bss           0x00f332e4        0x0 obj/default/fonts/tahomabold_20.o
 .bss           0x00f332e4        0x0 obj/default/fonts/tahomabold_32.o
 .bss           0x00f332e4        0x0 obj/default/frame.o
 .bss           0x00f332e4        0x0 obj/default/graphic_lib/draw_gimps.o
 .bss           0x00f332e4        0x0 obj/default/graphic_lib/gimp_bmp.o
 .bss           0x00f332e4        0x0 obj/default/graphic_lib/simple_graphics.o
 .bss           0x00f332e4        0x0 obj/default/graphic_lib/simple_text.o
 .bss           0x00f332e4        0x0 obj/default/hello_ucosii.o
 .bss           0x00f332e4        0x0 obj/default/imagenes/back_down.o
 .bss           0x00f332e4        0x0 obj/default/imagenes/back_up.o
 .bss           0x00f332e4        0x0 obj/default/imagenes/ford_down.o
 .bss           0x00f332e4        0x0 obj/default/imagenes/ford_up.o
 .bss           0x00f332e4        0x0 obj/default/imagenes/pause_down.o
 .bss           0x00f332e4        0x0 obj/default/imagenes/pause_up.o
 .bss           0x00f332e4        0x0 obj/default/imagenes/play_down.o
 .bss           0x00f332e4        0x0 obj/default/imagenes/play_up.o
 .bss           0x00f332e4        0x0 obj/default/imagenes/stop_down.o
 .bss           0x00f332e4        0x0 obj/default/imagenes/stop_up.o
 .bss           0x00f332e4        0x0 obj/default/song/song.o
 .bss           0x00f332e4        0x0 obj/default/student_code/student_code.o
 .bss           0x00f332e4        0x0 obj/default/vip_fr.o
 .bss           0x00f332e4        0x0 c:/altera/13.0sp1/nios2eds/bin/gnu/h-i686-mingw32/bin/../lib/gcc/nios2-elf/4.1.2\libgcc.a(_sf_to_si.o)
 .bss           0x00f332e4        0x0 c:/altera/13.0sp1/nios2eds/bin/gnu/h-i686-mingw32/bin/../lib/gcc/nios2-elf/4.1.2\libgcc.a(lib2-divmod.o)
 .bss           0x00f332e4        0x0 c:/altera/13.0sp1/nios2eds/bin/gnu/h-i686-mingw32/bin/../lib/gcc/nios2-elf/4.1.2\libgcc.a(_unpack_sf.o)
 .bss           0x00f332e4        0x0 c:/altera/13.0sp1/nios2eds/bin/gnu/h-i686-mingw32/bin/../lib/gcc/nios2-elf/4.1.2/../../../../nios2-elf/lib\libc.a(lib_a-malloc.o)
 .bss           0x00f332e4       0x28 c:/altera/13.0sp1/nios2eds/bin/gnu/h-i686-mingw32/bin/../lib/gcc/nios2-elf/4.1.2/../../../../nios2-elf/lib\libc.a(lib_a-mallocr.o)
                0x00f332e4                __malloc_current_mallinfo
 .bss           0x00f3330c        0x0 c:/altera/13.0sp1/nios2eds/bin/gnu/h-i686-mingw32/bin/../lib/gcc/nios2-elf/4.1.2/../../../../nios2-elf/lib\libc.a(lib_a-memcpy.o)
 .bss           0x00f3330c        0x0 c:/altera/13.0sp1/nios2eds/bin/gnu/h-i686-mingw32/bin/../lib/gcc/nios2-elf/4.1.2/../../../../nios2-elf/lib\libc.a(lib_a-memset.o)
 .bss           0x00f3330c        0x0 c:/altera/13.0sp1/nios2eds/bin/gnu/h-i686-mingw32/bin/../lib/gcc/nios2-elf/4.1.2/../../../../nios2-elf/lib\libc.a(lib_a-printf.o)
 .bss           0x00f3330c        0x0 c:/altera/13.0sp1/nios2eds/bin/gnu/h-i686-mingw32/bin/../lib/gcc/nios2-elf/4.1.2/../../../../nios2-elf/lib\libc.a(lib_a-sbrkr.o)
 .bss           0x00f3330c        0x0 c:/altera/13.0sp1/nios2eds/bin/gnu/h-i686-mingw32/bin/../lib/gcc/nios2-elf/4.1.2/../../../../nios2-elf/lib\libc.a(lib_a-strcpy.o)
 .bss           0x00f3330c        0x0 c:/altera/13.0sp1/nios2eds/bin/gnu/h-i686-mingw32/bin/../lib/gcc/nios2-elf/4.1.2/../../../../nios2-elf/lib\libc.a(lib_a-strlen.o)
 .bss           0x00f3330c        0x0 c:/altera/13.0sp1/nios2eds/bin/gnu/h-i686-mingw32/bin/../lib/gcc/nios2-elf/4.1.2/../../../../nios2-elf/lib\libc.a(lib_a-vfprintf.o)
 .bss           0x00f3330c        0x0 c:/altera/13.0sp1/nios2eds/bin/gnu/h-i686-mingw32/bin/../lib/gcc/nios2-elf/4.1.2/../../../../nios2-elf/lib\libc.a(lib_a-wsetup.o)
 .bss           0x00f3330c        0x0 c:/altera/13.0sp1/nios2eds/bin/gnu/h-i686-mingw32/bin/../lib/gcc/nios2-elf/4.1.2/../../../../nios2-elf/lib\libc.a(lib_a-dtoa.o)
 .bss           0x00f3330c        0x0 c:/altera/13.0sp1/nios2eds/bin/gnu/h-i686-mingw32/bin/../lib/gcc/nios2-elf/4.1.2/../../../../nios2-elf/lib\libc.a(lib_a-fflush.o)
 .bss           0x00f3330c        0x0 c:/altera/13.0sp1/nios2eds/bin/gnu/h-i686-mingw32/bin/../lib/gcc/nios2-elf/4.1.2/../../../../nios2-elf/lib\libc.a(lib_a-findfp.o)
 .bss           0x00f3330c        0x0 c:/altera/13.0sp1/nios2eds/bin/gnu/h-i686-mingw32/bin/../lib/gcc/nios2-elf/4.1.2/../../../../nios2-elf/lib\libc.a(lib_a-freer.o)
 .bss           0x00f3330c        0x0 c:/altera/13.0sp1/nios2eds/bin/gnu/h-i686-mingw32/bin/../lib/gcc/nios2-elf/4.1.2/../../../../nios2-elf/lib\libc.a(lib_a-fvwrite.o)
 .bss           0x00f3330c        0x0 c:/altera/13.0sp1/nios2eds/bin/gnu/h-i686-mingw32/bin/../lib/gcc/nios2-elf/4.1.2/../../../../nios2-elf/lib\libc.a(lib_a-fwalk.o)
 .bss           0x00f3330c        0x0 c:/altera/13.0sp1/nios2eds/bin/gnu/h-i686-mingw32/bin/../lib/gcc/nios2-elf/4.1.2/../../../../nios2-elf/lib\libc.a(lib_a-impure.o)
 .bss           0x00f3330c        0x0 c:/altera/13.0sp1/nios2eds/bin/gnu/h-i686-mingw32/bin/../lib/gcc/nios2-elf/4.1.2/../../../../nios2-elf/lib\libc.a(lib_a-int_errno.o)
 .bss           0x00f3330c        0x0 c:/altera/13.0sp1/nios2eds/bin/gnu/h-i686-mingw32/bin/../lib/gcc/nios2-elf/4.1.2/../../../../nios2-elf/lib\libc.a(lib_a-locale.o)
 .bss           0x00f3330c        0x0 c:/altera/13.0sp1/nios2eds/bin/gnu/h-i686-mingw32/bin/../lib/gcc/nios2-elf/4.1.2/../../../../nios2-elf/lib\libc.a(lib_a-makebuf.o)
 .bss           0x00f3330c        0x0 c:/altera/13.0sp1/nios2eds/bin/gnu/h-i686-mingw32/bin/../lib/gcc/nios2-elf/4.1.2/../../../../nios2-elf/lib\libc.a(lib_a-memchr.o)
 .bss           0x00f3330c        0x0 c:/altera/13.0sp1/nios2eds/bin/gnu/h-i686-mingw32/bin/../lib/gcc/nios2-elf/4.1.2/../../../../nios2-elf/lib\libc.a(lib_a-memmove.o)
 .bss           0x00f3330c        0x0 c:/altera/13.0sp1/nios2eds/bin/gnu/h-i686-mingw32/bin/../lib/gcc/nios2-elf/4.1.2/../../../../nios2-elf/lib\libc.a(lib_a-mprec.o)
 .bss           0x00f3330c        0x0 c:/altera/13.0sp1/nios2eds/bin/gnu/h-i686-mingw32/bin/../lib/gcc/nios2-elf/4.1.2/../../../../nios2-elf/lib\libc.a(lib_a-reallocr.o)
 .bss           0x00f3330c        0x0 c:/altera/13.0sp1/nios2eds/bin/gnu/h-i686-mingw32/bin/../lib/gcc/nios2-elf/4.1.2/../../../../nios2-elf/lib\libc.a(lib_a-s_isinfd.o)
 .bss           0x00f3330c        0x0 c:/altera/13.0sp1/nios2eds/bin/gnu/h-i686-mingw32/bin/../lib/gcc/nios2-elf/4.1.2/../../../../nios2-elf/lib\libc.a(lib_a-s_isnand.o)
 .bss           0x00f3330c        0x0 c:/altera/13.0sp1/nios2eds/bin/gnu/h-i686-mingw32/bin/../lib/gcc/nios2-elf/4.1.2/../../../../nios2-elf/lib\libc.a(lib_a-stdio.o)
 .bss           0x00f3330c        0x0 c:/altera/13.0sp1/nios2eds/bin/gnu/h-i686-mingw32/bin/../lib/gcc/nios2-elf/4.1.2/../../../../nios2-elf/lib\libc.a(lib_a-strcmp.o)
 .bss           0x00f3330c        0x0 c:/altera/13.0sp1/nios2eds/bin/gnu/h-i686-mingw32/bin/../lib/gcc/nios2-elf/4.1.2/../../../../nios2-elf/lib\libc.a(lib_a-writer.o)
 .bss           0x00f3330c        0x0 c:/altera/13.0sp1/nios2eds/bin/gnu/h-i686-mingw32/bin/../lib/gcc/nios2-elf/4.1.2/../../../../nios2-elf/lib\libc.a(lib_a-callocr.o)
 .bss           0x00f3330c        0x0 c:/altera/13.0sp1/nios2eds/bin/gnu/h-i686-mingw32/bin/../lib/gcc/nios2-elf/4.1.2/../../../../nios2-elf/lib\libc.a(lib_a-closer.o)
 .bss           0x00f3330c        0x0 c:/altera/13.0sp1/nios2eds/bin/gnu/h-i686-mingw32/bin/../lib/gcc/nios2-elf/4.1.2/../../../../nios2-elf/lib\libc.a(lib_a-fclose.o)
 .bss           0x00f3330c        0x0 c:/altera/13.0sp1/nios2eds/bin/gnu/h-i686-mingw32/bin/../lib/gcc/nios2-elf/4.1.2/../../../../nios2-elf/lib\libc.a(lib_a-fstatr.o)
 .bss           0x00f3330c        0x0 c:/altera/13.0sp1/nios2eds/bin/gnu/h-i686-mingw32/bin/../lib/gcc/nios2-elf/4.1.2/../../../../nios2-elf/lib\libc.a(lib_a-isattyr.o)
 .bss           0x00f3330c        0x0 c:/altera/13.0sp1/nios2eds/bin/gnu/h-i686-mingw32/bin/../lib/gcc/nios2-elf/4.1.2/../../../../nios2-elf/lib\libc.a(lib_a-lseekr.o)
 .bss           0x00f3330c        0x0 c:/altera/13.0sp1/nios2eds/bin/gnu/h-i686-mingw32/bin/../lib/gcc/nios2-elf/4.1.2/../../../../nios2-elf/lib\libc.a(lib_a-readr.o)
 .bss           0x00f3330c        0x0 c:/altera/13.0sp1/nios2eds/bin/gnu/h-i686-mingw32/bin/../lib/gcc/nios2-elf/4.1.2\libgcc.a(_udivdi3.o)
 .bss           0x00f3330c        0x0 c:/altera/13.0sp1/nios2eds/bin/gnu/h-i686-mingw32/bin/../lib/gcc/nios2-elf/4.1.2\libgcc.a(_umoddi3.o)
 .bss           0x00f3330c        0x0 c:/altera/13.0sp1/nios2eds/bin/gnu/h-i686-mingw32/bin/../lib/gcc/nios2-elf/4.1.2\libgcc.a(_addsub_df.o)
 .bss           0x00f3330c        0x0 c:/altera/13.0sp1/nios2eds/bin/gnu/h-i686-mingw32/bin/../lib/gcc/nios2-elf/4.1.2\libgcc.a(_mul_df.o)
 .bss           0x00f3330c        0x0 c:/altera/13.0sp1/nios2eds/bin/gnu/h-i686-mingw32/bin/../lib/gcc/nios2-elf/4.1.2\libgcc.a(_div_df.o)
 .bss           0x00f3330c        0x0 c:/altera/13.0sp1/nios2eds/bin/gnu/h-i686-mingw32/bin/../lib/gcc/nios2-elf/4.1.2\libgcc.a(_eq_df.o)
 .bss           0x00f3330c        0x0 c:/altera/13.0sp1/nios2eds/bin/gnu/h-i686-mingw32/bin/../lib/gcc/nios2-elf/4.1.2\libgcc.a(_ne_df.o)
 .bss           0x00f3330c        0x0 c:/altera/13.0sp1/nios2eds/bin/gnu/h-i686-mingw32/bin/../lib/gcc/nios2-elf/4.1.2\libgcc.a(_gt_df.o)
 .bss           0x00f3330c        0x0 c:/altera/13.0sp1/nios2eds/bin/gnu/h-i686-mingw32/bin/../lib/gcc/nios2-elf/4.1.2\libgcc.a(_ge_df.o)
 .bss           0x00f3330c        0x0 c:/altera/13.0sp1/nios2eds/bin/gnu/h-i686-mingw32/bin/../lib/gcc/nios2-elf/4.1.2\libgcc.a(_lt_df.o)
 .bss           0x00f3330c        0x0 c:/altera/13.0sp1/nios2eds/bin/gnu/h-i686-mingw32/bin/../lib/gcc/nios2-elf/4.1.2\libgcc.a(_si_to_df.o)
 .bss           0x00f3330c        0x0 c:/altera/13.0sp1/nios2eds/bin/gnu/h-i686-mingw32/bin/../lib/gcc/nios2-elf/4.1.2\libgcc.a(_df_to_si.o)
 .bss           0x00f3330c        0x0 c:/altera/13.0sp1/nios2eds/bin/gnu/h-i686-mingw32/bin/../lib/gcc/nios2-elf/4.1.2\libgcc.a(_thenan_df.o)
 .bss           0x00f3330c        0x0 c:/altera/13.0sp1/nios2eds/bin/gnu/h-i686-mingw32/bin/../lib/gcc/nios2-elf/4.1.2\libgcc.a(_usi_to_df.o)
 .bss           0x00f3330c        0x0 c:/altera/13.0sp1/nios2eds/bin/gnu/h-i686-mingw32/bin/../lib/gcc/nios2-elf/4.1.2\libgcc.a(_muldi3.o)
 .bss           0x00f3330c        0x0 c:/altera/13.0sp1/nios2eds/bin/gnu/h-i686-mingw32/bin/../lib/gcc/nios2-elf/4.1.2\libgcc.a(_clz.o)
 .bss           0x00f3330c        0x0 c:/altera/13.0sp1/nios2eds/bin/gnu/h-i686-mingw32/bin/../lib/gcc/nios2-elf/4.1.2\libgcc.a(_clzsi2.o)
 .bss           0x00f3330c        0x0 c:/altera/13.0sp1/nios2eds/bin/gnu/h-i686-mingw32/bin/../lib/gcc/nios2-elf/4.1.2\libgcc.a(_pack_df.o)
 .bss           0x00f3330c        0x0 c:/altera/13.0sp1/nios2eds/bin/gnu/h-i686-mingw32/bin/../lib/gcc/nios2-elf/4.1.2\libgcc.a(_unpack_df.o)
 .bss           0x00f3330c        0x0 c:/altera/13.0sp1/nios2eds/bin/gnu/h-i686-mingw32/bin/../lib/gcc/nios2-elf/4.1.2\libgcc.a(_fpcmp_parts_df.o)
 .bss           0x00f3330c        0x0 ../lab5_bsp/\libucosii_bsp.a(alt_close.o)
 .bss           0x00f3330c        0x0 ../lab5_bsp/\libucosii_bsp.a(alt_dcache_flush_all.o)
 .bss           0x00f3330c        0x0 ../lab5_bsp/\libucosii_bsp.a(alt_dev.o)
 .bss           0x00f3330c        0x0 ../lab5_bsp/\libucosii_bsp.a(alt_errno.o)
 .bss           0x00f3330c        0x0 ../lab5_bsp/\libucosii_bsp.a(alt_fstat.o)
 .bss           0x00f3330c        0x0 ../lab5_bsp/\libucosii_bsp.a(alt_iic.o)
 .bss           0x00f3330c        0x0 ../lab5_bsp/\libucosii_bsp.a(alt_iic_isr_register.o)
 .bss           0x00f3330c        0x0 ../lab5_bsp/\libucosii_bsp.a(alt_irq_entry.o)
 .bss           0x00f3330c        0x0 ../lab5_bsp/\libucosii_bsp.a(alt_irq_handler.o)
 .bss           0x00f3330c        0x0 ../lab5_bsp/\libucosii_bsp.a(alt_irq_vars.o)
 .bss           0x00f3330c        0x0 ../lab5_bsp/\libucosii_bsp.a(alt_isatty.o)
 .bss           0x00f3330c        0x0 ../lab5_bsp/\libucosii_bsp.a(alt_load.o)
 .bss           0x00f3330c        0x0 ../lab5_bsp/\libucosii_bsp.a(alt_lseek.o)
 .bss           0x00f3330c        0x0 ../lab5_bsp/\libucosii_bsp.a(alt_main.o)
 .bss           0x00f3330c        0x0 ../lab5_bsp/\libucosii_bsp.a(alt_read.o)
 .bss           0x00f3330c        0x0 ../lab5_bsp/\libucosii_bsp.a(alt_release_fd.o)
 .bss           0x00f3330c        0x0 ../lab5_bsp/\libucosii_bsp.a(alt_sbrk.o)
 .bss           0x00f3330c        0x0 ../lab5_bsp/\libucosii_bsp.a(alt_tick.o)
 .bss           0x00f3330c        0x0 ../lab5_bsp/\libucosii_bsp.a(alt_write.o)
 .bss           0x00f3330c        0x0 ../lab5_bsp/\libucosii_bsp.a(alt_env_lock.o)
 .bss           0x00f3330c        0x0 ../lab5_bsp/\libucosii_bsp.a(alt_malloc_lock.o)
 .bss           0x00f3330c        0x0 ../lab5_bsp/\libucosii_bsp.a(os_core.o)
 .bss           0x00f3330c        0x0 ../lab5_bsp/\libucosii_bsp.a(os_dbg.o)
 .bss           0x00f3330c        0x0 ../lab5_bsp/\libucosii_bsp.a(os_flag.o)
 .bss           0x00f3330c        0x0 ../lab5_bsp/\libucosii_bsp.a(os_mem.o)
 .bss           0x00f3330c        0x0 ../lab5_bsp/\libucosii_bsp.a(os_q.o)
 .bss           0x00f3330c        0x0 ../lab5_bsp/\libucosii_bsp.a(os_sem.o)
 .bss           0x00f3330c        0x0 ../lab5_bsp/\libucosii_bsp.a(os_task.o)
 .bss           0x00f3330c        0x0 ../lab5_bsp/\libucosii_bsp.a(os_time.o)
 .bss           0x00f3330c        0x0 ../lab5_bsp/\libucosii_bsp.a(alt_sys_init.o)
 .bss           0x00f3330c        0x0 ../lab5_bsp/\libucosii_bsp.a(altera_avalon_jtag_uart_fd.o)
 .bss           0x00f3330c        0x0 ../lab5_bsp/\libucosii_bsp.a(altera_avalon_jtag_uart_init.o)
 .bss           0x00f3330c        0x0 ../lab5_bsp/\libucosii_bsp.a(altera_avalon_jtag_uart_ioctl.o)
 .bss           0x00f3330c        0x0 ../lab5_bsp/\libucosii_bsp.a(altera_avalon_jtag_uart_read.o)
 .bss           0x00f3330c        0x0 ../lab5_bsp/\libucosii_bsp.a(altera_avalon_jtag_uart_write.o)
 .bss           0x00f3330c        0x0 ../lab5_bsp/\libucosii_bsp.a(altera_avalon_timer_sc.o)
 .bss           0x00f3330c        0x0 ../lab5_bsp/\libucosii_bsp.a(alt_alarm_start.o)
 .bss           0x00f3330c        0x0 ../lab5_bsp/\libucosii_bsp.a(alt_dev_llist_insert.o)
 .bss           0x00f3330c        0x0 ../lab5_bsp/\libucosii_bsp.a(alt_do_ctors.o)
 .bss           0x00f3330c        0x0 ../lab5_bsp/\libucosii_bsp.a(alt_do_dtors.o)
 .bss           0x00f3330c        0x0 ../lab5_bsp/\libucosii_bsp.a(alt_exception_entry.o)
 .bss           0x00f3330c        0x0 ../lab5_bsp/\libucosii_bsp.a(alt_icache_flush_all.o)
 .bss           0x00f3330c        0x0 ../lab5_bsp/\libucosii_bsp.a(alt_io_redirect.o)
 .bss           0x00f3330c        0x0 ../lab5_bsp/\libucosii_bsp.a(alt_open.o)
 .bss           0x00f3330c        0x0 ../lab5_bsp/\libucosii_bsp.a(altera_nios2_qsys_irq.o)
 .bss           0x00f3330c        0x0 ../lab5_bsp/\libucosii_bsp.a(os_cpu_a.o)
 .bss           0x00f3330c        0x0 ../lab5_bsp/\libucosii_bsp.a(os_cpu_c.o)
 .bss           0x00f3330c        0x0 ../lab5_bsp/\libucosii_bsp.a(alt_find_dev.o)
 .bss           0x00f3330c        0x0 ../lab5_bsp/\libucosii_bsp.a(alt_find_file.o)
 .bss           0x00f3330c        0x0 ../lab5_bsp/\libucosii_bsp.a(alt_get_fd.o)
 .bss           0x00f3330c        0x0 ../lab5_bsp/\libucosii_bsp.a(alt_icache_flush.o)
 .bss           0x00f3330c        0x0 c:/altera/13.0sp1/nios2eds/bin/gnu/h-i686-mingw32/bin/../lib/gcc/nios2-elf/4.1.2/../../../../nios2-elf/lib\libc.a(lib_a-atexit.o)
 .bss           0x00f3330c        0x0 c:/altera/13.0sp1/nios2eds/bin/gnu/h-i686-mingw32/bin/../lib/gcc/nios2-elf/4.1.2/../../../../nios2-elf/lib\libc.a(lib_a-exit.o)
 .bss           0x00f3330c        0x0 c:/altera/13.0sp1/nios2eds/bin/gnu/h-i686-mingw32/bin/../lib/gcc/nios2-elf/4.1.2/../../../../nios2-elf/lib\libc.a(lib_a-memcmp.o)
 .bss           0x00f3330c        0x0 c:/altera/13.0sp1/nios2eds/bin/gnu/h-i686-mingw32/bin/../lib/gcc/nios2-elf/4.1.2/../../../../nios2-elf/lib\libc.a(lib_a-__atexit.o)
 .bss           0x00f3330c        0x0 c:/altera/13.0sp1/nios2eds/bin/gnu/h-i686-mingw32/bin/../lib/gcc/nios2-elf/4.1.2/../../../../nios2-elf/lib\libc.a(lib_a-__call_atexit.o)
 .bss           0x00f3330c        0x0 c:/altera/13.0sp1/nios2eds/bin/gnu/h-i686-mingw32/bin/../lib/gcc/nios2-elf/4.1.2\libgcc.a(_fixunsdfsi.o)
 .bss           0x00f3330c        0x0 ../lab5_bsp/\libucosii_bsp.a(alt_exit.o)
 *(COMMON)
 COMMON         0x00f3330c     0xc018 obj/default/hello_ucosii.o
                0x00f3330c                task1_stk
                0x00f3530c                buttons_control2
                0x00f35318                task4_stk
                0x00f37318                task6_stk
                0x00f39318                task2_stk
                0x00f3b318                task3_stk
                0x00f3d318                buttons_control1
                0x00f3d324                task5_stk
 COMMON         0x00f3f324      0x100 ../lab5_bsp/\libucosii_bsp.a(alt_irq_handler.o)
                0x00f3f324                alt_irq
 COMMON         0x00f3f424     0x3224 ../lab5_bsp/\libucosii_bsp.a(os_core.o)
                0x00f3f424                OSFlagTbl
                0x00f3f794                OSMemTbl
                0x00f403c4                OSTaskStatStk
                0x00f40bc4                OSQTbl
                0x00f40da4                OSTaskIdleStk
                0x00f415a4                OSEventTbl
                0x00f420e4                OSTCBTbl
                0x00f425f4                OSTCBPrioTbl
 COMMON         0x00f42648      0x190 c:/altera/13.0sp1/nios2eds/bin/gnu/h-i686-mingw32/bin/../lib/gcc/nios2-elf/4.1.2/../../../../nios2-elf/lib\libc.a(lib_a-atexit.o)
                0x00f42648                _atexit0
                0x00f427d8                . = ALIGN (0x4)
                0x00f427d8                __bss_end = ABSOLUTE (.)

.sdram          0x00f427d8        0x0
                0x00f427d8                PROVIDE (_alt_partition_sdram_start, ABSOLUTE (.))
 *(.sdram. sdram.*)
                0x00f427d8                . = ALIGN (0x4)
                0x00f427d8                PROVIDE (_alt_partition_sdram_end, ABSOLUTE (.))
                0x00f427d8                _end = ABSOLUTE (.)
                0x00f427d8                end = ABSOLUTE (.)
                0x00f427d8                __alt_stack_base = ABSOLUTE (.)
                0x00f427d8                PROVIDE (_alt_partition_sdram_load_addr, LOADADDR (.sdram))

.stab
 *(.stab)

.stabstr
 *(.stabstr)

.stab.excl
 *(.stab.excl)

.stab.exclstr
 *(.stab.exclstr)

.stab.index
 *(.stab.index)

.stab.indexstr
 *(.stab.indexstr)

.comment        0x00000000       0x26
 *(.comment)
 .comment       0x00000000       0x26 obj/default/drivers/drivers.o
                                 0x27 (size before relaxing)
 .comment       0x00000000       0x27 obj/default/fonts/tahomabold_20.o
 .comment       0x00000000       0x27 obj/default/fonts/tahomabold_32.o
 .comment       0x00000000       0x27 obj/default/frame.o
 .comment       0x00000000       0x27 obj/default/graphic_lib/draw_gimps.o
 .comment       0x00000000       0x27 obj/default/graphic_lib/gimp_bmp.o
 .comment       0x00000000       0x27 obj/default/graphic_lib/simple_graphics.o
 .comment       0x00000000       0x27 obj/default/graphic_lib/simple_text.o
 .comment       0x00000000       0x27 obj/default/hello_ucosii.o
 .comment       0x00000000       0x27 obj/default/imagenes/back_down.o
 .comment       0x00000000       0x27 obj/default/imagenes/back_up.o
 .comment       0x00000000       0x27 obj/default/imagenes/ford_down.o
 .comment       0x00000000       0x27 obj/default/imagenes/ford_up.o
 .comment       0x00000000       0x27 obj/default/imagenes/pause_down.o
 .comment       0x00000000       0x27 obj/default/imagenes/pause_up.o